ARM Linker, 5.03 [Build 24] [MDK-ARM Professional]

==============================================================================

Section Cross References

    main.o(.text) refers to delay.o(.text) for delay_init
    main.o(.text) refers to key.o(.text) for KEY_Init
    main.o(.text) refers to beep.o(.text) for BEEP_Init
    main.o(.text) refers to sys.o(.text) for NVIC_Configuration
    main.o(.text) refers to usart.o(.text) for uart_init
    main.o(.text) refers to led.o(.text) for LED_Init
    main.o(.text) refers to lcd.o(.text) for LCD_Init
    main.o(.text) refers to rtc.o(.text) for RTC_Init
    main.o(.text) refers to stm32f10x_rtc.o(.text) for RTC_ITConfig
    main.o(.text) refers to stm32f10x_rcc.o(.text) for RCC_APB1PeriphClockCmd
    main.o(.text) refers to stm32f10x_pwr.o(.text) for PWR_BackupAccessCmd
    main.o(.text) refers to system_stm32f10x.o(.data) for SystemCoreClock
    main.o(.text) refers to usmart_config.o(.data) for usmart_dev
    main.o(.text) refers to lcd.o(.data) for POINT_COLOR
    main.o(.text) refers to rtc.o(.bss) for calendar
    system_stm32f10x.o(.text) refers to system_stm32f10x.o(.data) for SystemCoreClock
    led.o(.text) refers to stm32f10x_rcc.o(.text) for RCC_APB2PeriphClockCmd
    led.o(.text) refers to stm32f10x_gpio.o(.text) for GPIO_Init
    key.o(.text) refers to stm32f10x_rcc.o(.text) for RCC_APB2PeriphClockCmd
    key.o(.text) refers to stm32f10x_gpio.o(.text) for GPIO_Init
    key.o(.text) refers to delay.o(.text) for delay_ms
    key.o(.text) refers to key.o(.data) for key_up
    lcd.o(.text) refers to _printf_percent.o(.ARM.Collect$$_printf_percent$$00000000) for _printf_percent
    lcd.o(.text) refers to _printf_x.o(.ARM.Collect$$_printf_percent$$0000000C) for _printf_x
    lcd.o(.text) refers to _printf_hex_int.o(.text) for _printf_longlong_hex
    lcd.o(.text) refers to delay.o(.text) for delay_us
    lcd.o(.text) refers to lcd.o(.bss) for lcddev
    lcd.o(.text) refers to lcd.o(.data) for POINT_COLOR
    lcd.o(.text) refers to stm32f10x_rcc.o(.text) for RCC_AHBPeriphClockCmd
    lcd.o(.text) refers to stm32f10x_gpio.o(.text) for GPIO_Init
    lcd.o(.text) refers to stm32f10x_fsmc.o(.text) for FSMC_NORSRAMInit
    lcd.o(.text) refers to noretval__2printf.o(.text) for __2printf
    lcd.o(.text) refers to lcd.o(.constdata) for asc2_1206
    rtc.o(.text) refers to misc.o(.text) for NVIC_Init
    rtc.o(.text) refers to stm32f10x_rtc.o(.text) for RTC_GetCounter
    rtc.o(.text) refers to stm32f10x_rcc.o(.text) for RCC_APB1PeriphClockCmd
    rtc.o(.text) refers to stm32f10x_pwr.o(.text) for PWR_BackupAccessCmd
    rtc.o(.text) refers to stm32f10x_bkp.o(.text) for BKP_ReadBackupRegister
    rtc.o(.text) refers to delay.o(.text) for delay_ms
    rtc.o(.text) refers to rtc.o(.constdata) for table_week
    rtc.o(.text) refers to rtc.o(.data) for daycnt
    rtc.o(.text) refers to rtc.o(.bss) for calendar
    beep.o(.text) refers to stm32f10x_rcc.o(.text) for RCC_APB2PeriphClockCmd
    beep.o(.text) refers to stm32f10x_gpio.o(.text) for GPIO_Init
    delay.o(.text) refers to misc.o(.text) for SysTick_CLKSourceConfig
    delay.o(.text) refers to system_stm32f10x.o(.data) for SystemCoreClock
    delay.o(.text) refers to delay.o(.data) for fac_us
    sys.o(.text) refers to misc.o(.text) for NVIC_PriorityGroupConfig
    usart.o(.text) refers (Special) to use_no_semi_2.o(.text) for __use_no_semihosting
    usart.o(.text) refers to stm32f10x_rcc.o(.text) for RCC_APB2PeriphClockCmd
    usart.o(.text) refers to stm32f10x_usart.o(.text) for USART_DeInit
    usart.o(.text) refers to stm32f10x_gpio.o(.text) for GPIO_Init
    usart.o(.text) refers to misc.o(.text) for NVIC_Init
    usart.o(.text) refers to usart.o(.data) for USART_RX_STA
    usart.o(.text) refers to usart.o(.bss) for USART_RX_BUF
    usart.o(.bss) refers (Special) to use_no_semi_2.o(.text) for __use_no_semihosting
    usart.o(.data) refers (Special) to use_no_semi_2.o(.text) for __use_no_semihosting
    startup_stm32f10x_hd.o(STACK) refers (Special) to heapauxi.o(.text) for __use_two_region_memory
    startup_stm32f10x_hd.o(HEAP) refers (Special) to heapauxi.o(.text) for __use_two_region_memory
    startup_stm32f10x_hd.o(RESET) refers (Special) to heapauxi.o(.text) for __use_two_region_memory
    startup_stm32f10x_hd.o(RESET) refers to startup_stm32f10x_hd.o(STACK) for __initial_sp
    startup_stm32f10x_hd.o(RESET) refers to startup_stm32f10x_hd.o(.text) for Reset_Handler
    startup_stm32f10x_hd.o(RESET) refers to stm32f10x_it.o(.text) for NMI_Handler
    startup_stm32f10x_hd.o(RESET) refers to rtc.o(.text) for RTC_IRQHandler
    startup_stm32f10x_hd.o(RESET) refers to usmart.o(.text) for TIM2_IRQHandler
    startup_stm32f10x_hd.o(RESET) refers to usart.o(.text) for USART1_IRQHandler
    startup_stm32f10x_hd.o(.text) refers (Special) to heapauxi.o(.text) for __use_two_region_memory
    startup_stm32f10x_hd.o(.text) refers to system_stm32f10x.o(.text) for SystemInit
[...]
    ../clib/angel/boardlib.s                 0x00000000   Number         0  boardinit3.o ABSOLUTE
    ../clib/angel/boardlib.s                 0x00000000   Number         0  boardshut.o ABSOLUTE
    ../clib/angel/dczerorl2.s                0x00000000   Number         0  __dczerorl2.o ABSOLUTE
    ../clib/angel/handlers.s                 0x00000000   Number         0  __scatter_zi.o ABSOLUTE
    ../clib/angel/kernel.s                   0x00000000   Number         0  rtentry4.o ABSOLUTE
    ../clib/angel/kernel.s                   0x00000000   Number         0  rtexit.o ABSOLUTE
    ../clib/angel/kernel.s                   0x00000000   Number         0  rtexit2.o ABSOLUTE
    ../clib/angel/kernel.s                   0x00000000   Number         0  rtentry.o ABSOLUTE
    ../clib/angel/kernel.s                   0x00000000   Number         0  rtentry2.o ABSOLUTE
    ../clib/angel/rt.s                       0x00000000   Number         0  rt_raise.o ABSOLUTE
    ../clib/angel/scatter.s                  0x00000000   Number         0  __scatter.o ABSOLUTE
    ../clib/angel/startup.s                  0x00000000   Number         0  __main.o ABSOLUTE
    ../clib/angel/sys.s                      0x00000000   Number         0  sys_stackheap_outer.o ABSOLUTE
    ../clib/angel/sys.s                      0x00000000   Number         0  libspace.o ABSOLUTE
    ../clib/angel/sys.s                      0x00000000   Number         0  indicate_semi.o ABSOLUTE
    ../clib/angel/sys.s                      0x00000000   Number         0  use_no_semi.o ABSOLUTE
    ../clib/angel/sys.s                      0x00000000   Number         0  use_no_semi_2.o ABSOLUTE
    ../clib/angel/sysapp.c                   0x00000000   Number         0  sys_wrch.o ABSOLUTE
    ../clib/angel/sysapp.c                   0x00000000   Number         0  sys_command.o ABSOLUTE
    ../clib/armsys.c                         0x00000000   Number         0  argv_veneer.o ABSOLUTE
    ../clib/armsys.c                         0x00000000   Number         0  no_argv.o ABSOLUTE
    ../clib/armsys.c                         0x00000000   Number         0  argv_veneer.o ABSOLUTE
    ../clib/armsys.c                         0x00000000   Number         0  _get_argv_nomalloc.o ABSOLUTE
    ../clib/heapalloc.c                      0x00000000   Number         0  hrguard.o ABSOLUTE
    ../clib/heapaux.c                        0x00000000   Number         0  heapauxi.o ABSOLUTE
    ../clib/libinit.s                        0x00000000   Number         0  libinit.o ABSOLUTE
    ../clib/libinit.s                        0x00000000   Number         0  libinit2.o ABSOLUTE
    ../clib/libinit.s                        0x00000000   Number         0  libshutdown2.o ABSOLUTE
    ../clib/libinit.s                        0x00000000   Number         0  libshutdown.o ABSOLUTE
    ../clib/misc.s                           0x00000000   Number         0  printf_stubs.o ABSOLUTE
    ../clib/printf.c                         0x00000000   Number         0  __2printf.o ABSOLUTE
    ../clib/printf.c                         0x00000000   Number         0  _printf_hex_int_ll_ptr.o ABSOLUTE
    ../clib/printf.c                         0x00000000   Number         0  __printf_flags.o ABSOLUTE
    ../clib/printf.c                         0x00000000   Number         0  __printf_ss.o ABSOLUTE
    ../clib/printf.c                         0x00000000   Number         0  __printf_flags_ss.o ABSOLUTE
    ../clib/printf.c                         0x00000000   Number         0  __printf_wp.o ABSOLUTE
    ../clib/printf.c                         0x00000000   Number         0  __printf_flags_wp.o ABSOLUTE
    ../clib/printf.c                         0x00000000   Number         0  __printf_ss_wp.o ABSOLUTE
    ../clib/printf.c                         0x00000000   Number         0  noretval__2printf.o ABSOLUTE
    ../clib/printf.c                         0x00000000   Number         0  __printf_flags_ss_wp.o ABSOLUTE
    ../clib/printf.c                         0x00000000   Number         0  __printf.o ABSOLUTE
    ../clib/printf.c                         0x00000000   Number         0  _printf_pad.o ABSOLUTE
    ../clib/printf.c                         0x00000000   Number         0  _printf_char_file.o ABSOLUTE
    ../clib/printf.c                         0x00000000   Number         0  _printf_char.o ABSOLUTE
    ../clib/printf.c                         0x00000000   Number         0  _printf_dec.o ABSOLUTE
    ../clib/printf.c                         0x00000000   Number         0  _printf_intcommon.o ABSOLUTE
    ../clib/printf.c                         0x00000000   Number         0  _printf_hex_ll.o ABSOLUTE
    ../clib/printf.c                         0x00000000   Number         0  _printf_hex_int.o ABSOLUTE
    ../clib/printf.c                         0x00000000   Number         0  _printf_hex_int_ll.o ABSOLUTE
    ../clib/printf.c                         0x00000000   Number         0  _printf_hex_ptr.o ABSOLUTE
    ../clib/printf.c                         0x00000000   Number         0  _printf_hex_int_ptr.o ABSOLUTE
    ../clib/printf.c                         0x00000000   Number         0  _printf_hex_ll_ptr.o ABSOLUTE
    ../clib/printf.c                         0x00000000   Number         0  __printf_nopercent.o ABSOLUTE
    ../clib/printf.c                         0x00000000   Number         0  _printf_str.o ABSOLUTE
    ../clib/printf.c                         0x00000000   Number         0  _printf_char_common.o ABSOLUTE
    ../clib/printf_percent.s                 0x00000000   Number         0  _printf_u.o ABSOLUTE
    ../clib/printf_percent.s                 0x00000000   Number         0  _printf_s.o ABSOLUTE
    ../clib/printf_percent.s                 0x00000000   Number         0  _printf_percent.o ABSOLUTE
    ../clib/printf_percent.s                 0x00000000   Number         0  _printf_d.o ABSOLUTE
    ../clib/printf_percent.s                 0x00000000   Number         0  _printf_c.o ABSOLUTE
    ../clib/printf_percent.s                 0x00000000   Number         0  _printf_x.o ABSOLUTE
    ../clib/printf_percent.s                 0x00000000   Number         0  _printf_percent_end.o ABSOLUTE
    ../clib/signal.c                         0x00000000   Number         0  defsig_fpe_inner.o ABSOLUTE
    ../clib/signal.c                         0x00000000   Number         0  defsig_rtmem_inner.o ABSOLUTE
    ../clib/signal.c                         0x00000000   Number         0  defsig_rtmem_outer.o ABSOLUTE
    ../clib/signal.c                         0x00000000   Number         0  defsig_other.o ABSOLUTE
    ../clib/signal.c                         0x00000000   Number         0  defsig_segv_inner.o ABSOLUTE
    ../clib/signal.c                         0x00000000   Number         0  defsig_cppl_inner.o ABSOLUTE
    ../clib/signal.c                         0x00000000   Number         0  defsig_pvfn_inner.o ABSOLUTE
    ../clib/signal.c                         0x00000000   Number         0  __raise.o ABSOLUTE
    ../clib/signal.c                         0x00000000   Number         0  defsig_general.o ABSOLUTE
    ../clib/signal.c                         0x00000000   Number         0  defsig_rtred_inner.o ABSOLUTE
    ../clib/signal.c                         0x00000000   Number         0  defsig_stak_inner.o ABSOLUTE
    ../clib/signal.c                         0x00000000   Number         0  defsig_exit.o ABSOLUTE
    ../clib/signal.c                         0x00000000   Number         0  defsig_rtmem_formal.o ABSOLUTE
    ../clib/signal.c                         0x00000000   Number         0  defsig_abrt_inner.o ABSOLUTE
    ../clib/signal.s                         0x00000000   Number         0  defsig.o ABSOLUTE
    ../clib/stdio.c                          0x00000000   Number         0  ferror_locked.o ABSOLUTE
    ../clib/stdio.c                          0x00000000   Number         0  ferror.o ABSOLUTE
    ../clib/stdlib.c                         0x00000000   Number         0  exit.o ABSOLUTE
    ../fplib/fpinit.s                        0x00000000   Number         0  fpinit.o ABSOLUTE
    ..\CORE\core_cm3.c                       0x00000000   Number         0  core_cm3.o ABSOLUTE
    ..\CORE\startup_stm32f10x_hd.s           0x00000000   Number         0  startup_stm32f10x_hd.o ABSOLUTE
    ..\HARDWARE\BEEP\beep.c                  0x00000000   Number         0  beep.o ABSOLUTE
    ..\HARDWARE\KEY\key.c                    0x00000000   Number         0  key.o ABSOLUTE
    ..\HARDWARE\LCD\lcd.c                    0x00000000   Number         0  lcd.o ABSOLUTE
    ..\HARDWARE\LED\led.c                    0x00000000   Number         0  led.o ABSOLUTE
    ..\HARDWARE\RTC\rtc.c                    0x00000000   Number         0  rtc.o ABSOLUTE
    ..\STM32F10x_FWLib\src\misc.c            0x00000000   Number         0  misc.o ABSOLUTE
    ..\STM32F10x_FWLib\src\stm32f10x_bkp.c   0x00000000   Number         0  stm32f10x_bkp.o ABSOLUTE
    ..\STM32F10x_FWLib\src\stm32f10x_fsmc.c  0x00000000   Number         0  stm32f10x_fsmc.o ABSOLUTE
    ..\STM32F10x_FWLib\src\stm32f10x_gpio.c  0x00000000   Number         0  stm32f10x_gpio.o ABSOLUTE
    ..\STM32F10x_FWLib\src\stm32f10x_pwr.c   0x00000000   Number         0  stm32f10x_pwr.o ABSOLUTE
    ..\STM32F10x_FWLib\src\stm32f10x_rcc.c   0x00000000   Number         0  stm32f10x_rcc.o ABSOLUTE
    ..\STM32F10x_FWLib\src\stm32f10x_rtc.c   0x00000000   Number         0  stm32f10x_rtc.o ABSOLUTE
    ..\STM32F10x_FWLib\src\stm32f10x_tim.c   0x00000000   Number         0  stm32f10x_tim.o ABSOLUTE
    ..\STM32F10x_FWLib\src\stm32f10x_usart.c 0x00000000   Number         0  stm32f10x_usart.o ABSOLUTE
    ..\SYSTEM\delay\delay.c                  0x00000000   Number         0  delay.o ABSOLUTE
    ..\SYSTEM\sys\sys.c                      0x00000000   Number         0  sys.o ABSOLUTE
    ..\SYSTEM\usart\usart.c                  0x00000000   Number         0  usart.o ABSOLUTE
    ..\USMART\usmart.c                       0x00000000   Number         0  usmart.o ABSOLUTE
    ..\USMART\usmart_config.c                0x00000000   Number         0  usmart_config.o ABSOLUTE
    ..\USMART\usmart_str.c                   0x00000000   Number         0  usmart_str.o ABSOLUTE
    ..\\CORE\\core_cm3.c                     0x00000000   Number         0  core_cm3.o ABSOLUTE
    dc.s                                     0x00000000   Number         0  dc.o ABSOLUTE
    main.c                                   0x00000000   Number         0  main.o ABSOLUTE
    stm32f10x_it.c                           0x00000000   Number         0  stm32f10x_it.o ABSOLUTE
    system_stm32f10x.c                       0x00000000   Number         0  system_stm32f10x.o ABSOLUTE
    RESET                                    0x08000000   Section      304  startup_stm32f10x_hd.o(RESET)
    !!!main                                  0x08000130   Section        8  __main.o(!!!main)
    !!!scatter                               0x08000138   Section       52  __scatter.o(!!!scatter)
    !!dczerorl2                              0x0800016c   Section       90  __dczerorl2.o(!!dczerorl2)
    !!handler_zi                             0x080001c8   Section       28  __scatter_zi.o(!!handler_zi)
    .ARM.Collect$$_printf_percent$$00000000  0x080001e4   Section        0  _printf_percent.o(.ARM.Collect$$_printf_percent$$00000000)
    .ARM.Collect$$_printf_percent$$00000009  0x080001e4   Section        6  _printf_d.o(.ARM.Collect$$_printf_percent$$00000009)
    .ARM.Collect$$_printf_percent$$0000000A  0x080001ea   Section        6  _printf_u.o(.ARM.Collect$$_printf_percent$$0000000A)
    .ARM.Collect$$_printf_percent$$0000000C  0x080001f0   Section        6  _printf_x.o(.ARM.Collect$$_printf_percent$$0000000C)
    .ARM.Collect$$_printf_percent$$00000013  0x080001f6   Section        6  _printf_c.o(.ARM.Collect$$_printf_percent$$00000013)
    .ARM.Collect$$_printf_percent$$00000014  0x080001fc   Section        6  _printf_s.o(.ARM.Collect$$_printf_percent$$00000014)
    .ARM.Collect$$_printf_percent$$00000017  0x08000202   Section        4  _printf_percent_end.o(.ARM.Collect$$_printf_percent$$00000017)
    .ARM.Collect$$libinit$$00000000          0x08000206   Section        2  libinit.o(.ARM.Collect$$libinit$$00000000)
    .ARM.Collect$$libinit$$00000002          0x08000208   Section        0  libinit2.o(.ARM.Collect$$libinit$$00000002)
    .ARM.Collect$$libinit$$00000008          0x08000208   Section        0  libinit2.o(.ARM.Collect$$libinit$$00000008)
    .ARM.Collect$$libinit$$0000000A          0x08000208   Section        0  libinit2.o(.ARM.Collect$$libinit$$0000000A)
    .ARM.Collect$$libinit$$0000000C          0x08000208   Section        0  libinit2.o(.ARM.Collect$$libinit$$0000000C)
    .ARM.Collect$$libinit$$0000000F          0x08000208   Section        0  libinit2.o(.ARM.Collect$$libinit$$0000000F)
    .ARM.Collect$$libinit$$00000011          0x08000208   Section        0  libinit2.o(.ARM.Collect$$libinit$$00000011)
    .ARM.Collect$$libinit$$00000013          0x08000208   Section        0  libinit2.o(.ARM.Collect$$libinit$$00000013)
    .ARM.Collect$$libinit$$00000015          0x08000208   Section        0  libinit2.o(.ARM.Collect$$libinit$$00000015)
    .ARM.Collect$$libinit$$00000017          0x08000208   Section        0  libinit2.o(.ARM.Collect$$libinit$$00000017)
    .ARM.Collect$$libinit$$00000019          0x08000208   Section        0  libinit2.o(.ARM.Collect$$libinit$$00000019)
    .ARM.Collect$$libinit$$0000001B          0x08000208   Section        0  libinit2.o(.ARM.Collect$$libinit$$0000001B)
    .ARM.Collect$$libinit$$0000001D          0x08000208   Section        0  libinit2.o(.ARM.Collect$$libinit$$0000001D)
    .ARM.Collect$$libinit$$0000001F          0x08000208   Section        0  libinit2.o(.ARM.Collect$$libinit$$0000001F)
    .ARM.Collect$$libinit$$00000021          0x08000208   Section        0  libinit2.o(.ARM.Collect$$libinit$$00000021)
    .ARM.Collect$$libinit$$00000023          0x08000208   Section        0  libinit2.o(.ARM.Collect$$libinit$$00000023)
    .ARM.Collect$$libinit$$0000002A          0x08000208   Section        0  libinit2.o(.ARM.Collect$$libinit$$0000002A)
    .ARM.Collect$$libinit$$0000002C          0x08000208   Section        0  libinit2.o(.ARM.Collect$$libinit$$0000002C)
    .ARM.Collect$$libinit$$0000002E          0x08000208   Section        0  libinit2.o(.ARM.Collect$$libinit$$0000002E)
    .ARM.Collect$$libinit$$00000030          0x08000208   Section        0  libinit2.o(.ARM.Collect$$libinit$$00000030)
    .ARM.Collect$$libinit$$00000031          0x08000208   Section        2  libinit2.o(.ARM.Collect$$libinit$$00000031)
    .ARM.Collect$$libshutdown$$00000000      0x0800020a   Section        2  libshutdown.o(.ARM.Collect$$libshutdown$$00000000)
    .ARM.Collect$$libshutdown$$00000003      0x0800020c   Section        0  libshutdown2.o(.ARM.Collect$$libshutdown$$00000003)
    .ARM.Collect$$libshutdown$$00000006      0x0800020c   Section        0  libshutdown2.o(.ARM.Collect$$libshutdown$$00000006)
    .ARM.Collect$$libshutdown$$00000009      0x0800020c   Section        0  libshutdown2.o(.ARM.Collect$$libshutdown$$00000009)
    .ARM.Collect$$libshutdown$$0000000B      0x0800020c   Section        0  libshutdown2.o(.ARM.Collect$$libshutdown$$0000000B)
    .ARM.Collect$$libshutdown$$0000000E      0x0800020c   Section        0  libshutdown2.o(.ARM.Collect$$libshutdown$$0000000E)
    .ARM.Collect$$libshutdown$$0000000F      0x0800020c   Section        2  libshutdown2.o(.ARM.Collect$$libshutdown$$0000000F)
    .ARM.Collect$$rtentry$$00000000          0x0800020e   Section        0  rtentry.o(.ARM.Collect$$rtentry$$00000000)
    .ARM.Collect$$rtentry$$00000002          0x0800020e   Section        0  rtentry2.o(.ARM.Collect$$rtentry$$00000002)
    .ARM.Collect$$rtentry$$00000004          0x0800020e   Section        6  rtentry4.o(.ARM.Collect$$rtentry$$00000004)
    .ARM.Collect$$rtentry$$00000009          0x08000214   Section        0  rtentry2.o(.ARM.Collect$$rtentry$$00000009)
    .ARM.Collect$$rtentry$$0000000A          0x08000214   Section        4  rtentry2.o(.ARM.Collect$$rtentry$$0000000A)
    .ARM.Collect$$rtentry$$0000000C          0x08000218   Section        0  rtentry2.o(.ARM.Collect$$rtentry$$0000000C)
    .ARM.Collect$$rtentry$$0000000D          0x08000218   Section        8  rtentry2.o(.ARM.Collect$$rtentry$$0000000D)
    .ARM.Collect$$rtexit$$00000000           0x08000220   Section        2  rtexit.o(.ARM.Collect$$rtexit$$00000000)
    .ARM.Collect$$rtexit$$00000002           0x08000222   Section        0  rtexit2.o(.ARM.Collect$$rtexit$$00000002)
    .ARM.Collect$$rtexit$$00000003           0x08000222   Section        4  rtexit2.o(.ARM.Collect$$rtexit$$00000003)
    .ARM.Collect$$rtexit$$00000004           0x08000226   Section        6  rtexit2.o(.ARM.Collect$$rtexit$$00000004)
    .text                                    0x0800022c   Section        0  main.o(.text)
    .text                                    0x08000938   Section        0  stm32f10x_it.o(.text)
    .text                                    0x08000954   Section        0  system_stm32f10x.o(.text)
    SetSysClockTo72                          0x08000955   Thumb Code   212  system_stm32f10x.o(.text)
    SetSysClock                              0x08000a29   Thumb Code     8  system_stm32f10x.o(.text)
    .text                                    0x08000b30   Section        0  led.o(.text)
    .text                                    0x08000b7c   Section        0  key.o(.text)
    .text                                    0x08000c78   Section        0  lcd.o(.text)
    .text                                    0x08005494   Section        0  rtc.o(.text)
    RTC_NVIC_Config                          0x08005495   Thumb Code    32  rtc.o(.text)
    .text                                    0x0800580c   Section        0  beep.o(.text)
    .text                                    0x08005844   Section        0  delay.o(.text)
    .text                                    0x08005914   Section        0  sys.o(.text)
    .text                                    0x08005920   Section        0  usart.o(.text)
    .text                                    0x08005a64   Section       64  startup_stm32f10x_hd.o(.text)
    .text                                    0x08005aa4   Section        0  misc.o(.text)
    .text                                    0x08005b80   Section        0  stm32f10x_bkp.o(.text)
    .text                                    0x08005c44   Section        0  stm32f10x_fsmc.o(.text)
    .text                                    0x0800625c   Section        0  stm32f10x_gpio.o(.text)
    .text                                    0x080065b4   Section        0  stm32f10x_pwr.o(.text)
    .text                                    0x08006680   Section        0  stm32f10x_rcc.o(.text)
    .text                                    0x08006a24   Section        0  stm32f10x_usart.o(.text)
    .text                                    0x08006e2c   Section        0  stm32f10x_rtc.o(.text)
    .text                                    0x08006f70   Section        0  stm32f10x_tim.o(.text)
    TI4_Config                               0x08007417   Thumb Code   130  stm32f10x_tim.o(.text)
    TI3_Config                               0x080074ab   Thumb Code   122  stm32f10x_tim.o(.text)
    TI2_Config                               0x0800753f   Thumb Code   130  stm32f10x_tim.o(.text)
    TI1_Config                               0x080075d3   Thumb Code   108  stm32f10x_tim.o(.text)
    .text                                    0x08007d8c   Section        0  usmart.o(.text)
    .text                                    0x080089c0   Section        0  usmart_str.o(.text)
    .text                                    0x08008ee8   Section        2  use_no_semi_2.o(.text)
    .text                                    0x08008eec   Section        0  noretval__2printf.o(.text)
    .text                                    0x08008f04   Section        0  _printf_pad.o(.text)
    .text                                    0x08008f56   Section        0  _printf_str.o(.text)
    .text                                    0x08008fa8   Section        0  _printf_dec.o(.text)
    .text                                    0x08009020   Section        0  _printf_hex_int.o(.text)
    .text                                    0x0800907c   Section        0  __printf_flags_ss_wp.o(.text)
    .text                                    0x08009208   Section        0  heapauxi.o(.text)
    .text                                    0x0800920e   Section        2  use_no_semi.o(.text)
    .text                                    0x08009210   Section        0  _printf_intcommon.o(.text)
    .text                                    0x080092c8   Section        0  _printf_char.o(.text)
    .text                                    0x080092f4   Section        0  _printf_char_file.o(.text)
    .text                                    0x08009318   Section        0  _printf_char_common.o(.text)
    _printf_input_char                       0x08009319   Thumb Code    10  _printf_char_common.o(.text)
    .text                                    0x08009348   Section        0  ferror.o(.text)
    .text                                    0x08009350   Section       74  sys_stackheap_outer.o(.text)
    .text                                    0x0800939a   Section        0  exit.o(.text)
    .text                                    0x080093a8   Section        8  libspace.o(.text)
    i._is_digit                              0x080093b0   Section        0  __printf_wp.o(i._is_digit)
    .constdata                               0x080093be   Section     2660  lcd.o(.constdata)
    .constdata                               0x08009e22   Section       24  rtc.o(.constdata)
    .constdata                               0x08009e3a   Section       40  _printf_hex_int.o(.constdata)
    uc_hextab                                0x08009e3a   Data          20  _printf_hex_int.o(.constdata)
    lc_hextab                                0x08009e4e   Data          20  _printf_hex_int.o(.constdata)
    .constdata                               0x08009e62   Section       17  __printf_flags_ss_wp.o(.constdata)
    maptable                                 0x08009e62   Data          17  __printf_flags_ss_wp.o(.constdata)
    .conststring                             0x08009e73   Section       31  usmart.o(.conststring)
    .conststring                             0x08009e92   Section      164  usmart_config.o(.conststring)
    .data                                    0x20000000   Section       20  system_stm32f10x.o(.data)
    .data                                    0x20000014   Section        1  key.o(.data)
    key_up                                   0x20000014   Data           1  key.o(.data)
    .data                                    0x20000016   Section        4  lcd.o(.data)
    .data                                    0x2000001a   Section        2  rtc.o(.data)
    daycnt                                   0x2000001a   Data           2  rtc.o(.data)
    .data                                    0x2000001c   Section        4  delay.o(.data)
    fac_us                                   0x2000001c   Data           1  delay.o(.data)
    fac_ms                                   0x2000001e   Data           2  delay.o(.data)
    .data                                    0x20000020   Section        8  usart.o(.data)
    .data                                    0x20000028   Section       20  stm32f10x_rcc.o(.data)
    APBAHBPrescTable                         0x20000028   Data          16  stm32f10x_rcc.o(.data)
    ADCPrescTable                            0x20000038   Data           4  stm32f10x_rcc.o(.data)
    .data                                    0x2000003c   Section       28  usmart.o(.data)
    .data                                    0x20000058   Section      284  usmart_config.o(.data)
    .bss                                     0x20000174   Section       14  lcd.o(.bss)
    .bss                                     0x20000182   Section       10  rtc.o(.bss)
    .bss                                     0x2000018c   Section      200  usart.o(.bss)
    .bss                                     0x20000254   Section       96  libspace.o(.bss)
    HEAP                                     0x200002b8   Section      512  startup_stm32f10x_hd.o(HEAP)
    Heap_Mem                                 0x200002b8   Data         512  startup_stm32f10x_hd.o(HEAP)
    STACK                                    0x200004b8   Section     1024  startup_stm32f10x_hd.o(STACK)
    Stack_Mem                                0x200004b8   Data        1024  startup_stm32f10x_hd.o(STACK)
    __initial_sp                             0x200008b8   Data           0  startup_stm32f10x_hd.o(STACK)

    Global Symbols

    Symbol Name                              Value     Ov Type        Size  Object(Section)

    BuildAttributes$$THM_ISAv4$P$D$K$B$S$PE$A:L22UL41UL21$X:L11$S22US41US21$IEEE1$IW$USESV6$~STKCKD$USESV7$~SHL$OSPACE$ROPI$EBA8$UX$STANDARDLIB$REQ8$PRES8$EABIv2 0x00000000   Number         0  anon$$obj.o ABSOLUTE
    __ARM_use_no_argv                        0x00000000   Number         0  main.o ABSOLUTE
    _printf_flags                            0x00000000   Number         0  printf_stubs.o ABSOLUTE
    _printf_return_value                     0x00000000   Number         0  printf_stubs.o ABSOLUTE
    _printf_sizespec                         0x00000000   Number         0  printf_stubs.o ABSOLUTE
    _printf_widthprec                        0x00000000   Number         0  printf_stubs.o ABSOLUTE
    __ARM_exceptions_init                     - Undefined Weak Reference
    __alloca_initialize                       - Undefined Weak Reference
    __cpp_initialize__aeabi_                  - Undefined Weak Reference
    __cxa_finalize                            - Undefined Weak Reference
    __rt_locale                               - Undefined Weak Reference
    __sigvec_lookup                           - Undefined Weak Reference
    _atexit_init                              - Undefined Weak Reference
    _call_atexit_fns                          - Undefined Weak Reference
    _clock_init                               - Undefined Weak Reference
    _fp_trap_init                             - Undefined Weak Reference
    _fp_trap_shutdown                         - Undefined Weak Reference
    _get_lc_collate                           - Undefined Weak Reference
    _get_lc_ctype                             - Undefined Weak Reference
    _get_lc_monetary                          - Undefined Weak Reference
    _get_lc_numeric                           - Undefined Weak Reference
    _get_lc_time                              - Undefined Weak Reference
    _getenv_init                              - Undefined Weak Reference
    _handle_redirection                       - Undefined Weak Reference
    _init_alloc                               - Undefined Weak Reference
    _init_user_alloc                          - Undefined Weak Reference
    _initio                                   - Undefined Weak Reference
    _mutex_acquire                            - Undefined Weak Reference
    _mutex_release                            - Undefined Weak Reference
    _printf_mbtowc                            - Undefined Weak Reference
    _printf_truncate_signed                   - Undefined Weak Reference
    _printf_truncate_unsigned                 - Undefined Weak Reference
    _rand_init                                - Undefined Weak Reference
    _signal_finish                            - Undefined Weak Reference
    _signal_init                              - Undefined Weak Reference
    _terminate_alloc                          - Undefined Weak Reference
    _terminate_user_alloc                     - Undefined Weak Reference
    _terminateio                              - Undefined Weak Reference
    __Vectors_Size                           0x00000130   Number         0  startup_stm32f10x_hd.o ABSOLUTE
    __Vectors                                0x08000000   Data           4  startup_stm32f10x_hd.o(RESET)
    __Vectors_End                            0x08000130   Data           0  startup_stm32f10x_hd.o(RESET)
    __main                                   0x08000131   Thumb Code     8  __main.o(!!!main)
    __scatterload                            0x08000139   Thumb Code     0  __scatter.o(!!!scatter)
    __scatterload_rt2                        0x08000139   Thumb Code    44  __scatter.o(!!!scatter)
    __scatterload_rt2_thumb_only             0x08000139   Thumb Code     0  __scatter.o(!!!scatter)
    __scatterload_null                       0x08000147   Thumb Code     0  __scatter.o(!!!scatter)
    __decompress                             0x0800016d   Thumb Code    90  __dczerorl2.o(!!dczerorl2)
    __decompress1                            0x0800016d   Thumb Code     0  __dczerorl2.o(!!dczerorl2)
    __scatterload_zeroinit                   0x080001c9   Thumb Code    28  __scatter_zi.o(!!handler_zi)
    _printf_d                                0x080001e5   Thumb Code     0  _printf_d.o(.ARM.Collect$$_printf_percent$$00000009)
    _printf_percent                          0x080001e5   Thumb Code     0  _printf_percent.o(.ARM.Collect$$_printf_percent$$00000000)
    _printf_u                                0x080001eb   Thumb Code     0  _printf_u.o(.ARM.Collect$$_printf_percent$$0000000A)
    _printf_x                                0x080001f1   Thumb Code     0  _printf_x.o(.ARM.Collect$$_printf_percent$$0000000C)
    _printf_c                                0x080001f7   Thumb Code     0  _printf_c.o(.ARM.Collect$$_printf_percent$$00000013)
    _printf_s                                0x080001fd   Thumb Code     0  _printf_s.o(.ARM.Collect$$_printf_percent$$00000014)
    _printf_percent_end                      0x08000203   Thumb Code     0  _printf_percent_end.o(.ARM.Collect$$_printf_percent$$00000017)
    __rt_lib_init                            0x08000207   Thumb Code     0  libinit.o(.ARM.Collect$$libinit$$00000000)
    __rt_lib_init_alloca_1                   0x08000209   Thumb Code     0  libinit2.o(.ARM.Collect$$libinit$$0000002C)
    __rt_lib_init_argv_1                     0x08000209   Thumb Code     0  libinit2.o(.ARM.Collect$$libinit$$0000002A)
    __rt_lib_init_atexit_1                   0x08000209   Thumb Code     0  libinit2.o(.ARM.Collect$$libinit$$00000019)
    __rt_lib_init_clock_1                    0x08000209   Thumb Code     0  libinit2.o(.ARM.Collect$$libinit$$0000001F)
    __rt_lib_init_cpp_1                      0x08000209   Thumb Code     0  libinit2.o(.ARM.Collect$$libinit$$00000030)
    __rt_lib_init_exceptions_1               0x08000209   Thumb Code     0  libinit2.o(.ARM.Collect$$libinit$$0000002E)
    __rt_lib_init_fp_1                       0x08000209   Thumb Code     0  libinit2.o(.ARM.Collect$$libinit$$00000002)
    __rt_lib_init_fp_trap_1                  0x08000209   Thumb Code     0  libinit2.o(.ARM.Collect$$libinit$$0000001D)
    __rt_lib_init_getenv_1                   0x08000209   Thumb Code     0  libinit2.o(.ARM.Collect$$libinit$$00000021)
    __rt_lib_init_heap_1                     0x08000209   Thumb Code     0  libinit2.o(.ARM.Collect$$libinit$$00000008)
    __rt_lib_init_lc_collate_1               0x08000209   Thumb Code     0  libinit2.o(.ARM.Collect$$libinit$$0000000F)
    __rt_lib_init_lc_ctype_1                 0x08000209   Thumb Code     0  libinit2.o(.ARM.Collect$$libinit$$00000011)
    __rt_lib_init_lc_monetary_1              0x08000209   Thumb Code     0  libinit2.o(.ARM.Collect$$libinit$$00000013)
    __rt_lib_init_lc_numeric_1               0x08000209   Thumb Code     0  libinit2.o(.ARM.Collect$$libinit$$00000015)
    __rt_lib_init_lc_time_1                  0x08000209   Thumb Code     0  libinit2.o(.ARM.Collect$$libinit$$00000017)
    __rt_lib_init_rand_1                     0x08000209   Thumb Code     0  libinit2.o(.ARM.Collect$$libinit$$0000000C)
    __rt_lib_init_return                     0x08000209   Thumb Code     0  libinit2.o(.ARM.Collect$$libinit$$00000031)
    __rt_lib_init_signal_1                   0x08000209   Thumb Code     0  libinit2.o(.ARM.Collect$$libinit$$0000001B)
    __rt_lib_init_stdio_1                    0x08000209   Thumb Code     0  libinit2.o(.ARM.Collect$$libinit$$00000023)
    __rt_lib_init_user_alloc_1               0x08000209   Thumb Code     0  libinit2.o(.ARM.Collect$$libinit$$0000000A)
    __rt_lib_shutdown                        0x0800020b   Thumb Code     0  libshutdown.o(.ARM.Collect$$libshutdown$$00000000)
    __rt_lib_shutdown_fp_trap_1              0x0800020d   Thumb Code     0  libshutdown2.o(.ARM.Collect$$libshutdown$$00000006)
    __rt_lib_shutdown_heap_1                 0x0800020d   Thumb Code     0  libshutdown2.o(.ARM.Collect$$libshutdown$$0000000E)
    __rt_lib_shutdown_return                 0x0800020d   Thumb Code     0  libshutdown2.o(.ARM.Collect$$libshutdown$$0000000F)
    __rt_lib_shutdown_signal_1               0x0800020d   Thumb Code     0  libshutdown2.o(.ARM.Collect$$libshutdown$$00000009)
    __rt_lib_shutdown_stdio_1                0x0800020d   Thumb Code     0  libshutdown2.o(.ARM.Collect$$libshutdown$$00000003)
    __rt_lib_shutdown_user_alloc_1           0x0800020d   Thumb Code     0  libshutdown2.o(.ARM.Collect$$libshutdown$$0000000B)
    __rt_entry                               0x0800020f   Thumb Code     0  rtentry.o(.ARM.Collect$$rtentry$$00000000)
    __rt_entry_presh_1                       0x0800020f   Thumb Code     0  rtentry2.o(.ARM.Collect$$rtentry$$00000002)
    __rt_entry_sh                            0x0800020f   Thumb Code     0  rtentry4.o(.ARM.Collect$$rtentry$$00000004)
    __rt_entry_li                            0x08000215   Thumb Code     0  rtentry2.o(.ARM.Collect$$rtentry$$0000000A)
    __rt_entry_postsh_1                      0x08000215   Thumb Code     0  rtentry2.o(.ARM.Collect$$rtentry$$00000009)
    __rt_entry_main                          0x08000219   Thumb Code     0  rtentry2.o(.ARM.Collect$$rtentry$$0000000D)
    __rt_entry_postli_1                      0x08000219   Thumb Code     0  rtentry2.o(.ARM.Collect$$rtentry$$0000000C)
    __rt_exit                                0x08000221   Thumb Code     0  rtexit.o(.ARM.Collect$$rtexit$$00000000)
    __rt_exit_ls                             0x08000223   Thumb Code     0  rtexit2.o(.ARM.Collect$$rtexit$$00000003)
    __rt_exit_prels_1                        0x08000223   Thumb Code     0  rtexit2.o(.ARM.Collect$$rtexit$$00000002)
    __rt_exit_exit                           0x08000227   Thumb Code     0  rtexit2.o(.ARM.Collect$$rtexit$$00000004)
    main                                     0x0800022d   Thumb Code  1766  main.o(.text)
    NMI_Handler                              0x08000939   Thumb Code     2  stm32f10x_it.o(.text)
    HardFault_Handler                        0x0800093b   Thumb Code     4  stm32f10x_it.o(.text)
    MemManage_Handler                        0x0800093f   Thumb Code     4  stm32f10x_it.o(.text)
    BusFault_Handler                         0x08000943   Thumb Code     4  stm32f10x_it.o(.text)
    UsageFault_Handler                       0x08000947   Thumb Code     4  stm32f10x_it.o(.text)
    SVC_Handler                              0x0800094b   Thumb Code     2  stm32f10x_it.o(.text)
    DebugMon_Handler                         0x0800094d   Thumb Code     2  stm32f10x_it.o(.text)
    PendSV_Handler                           0x0800094f   Thumb Code     2  stm32f10x_it.o(.text)
    SysTick_Handler                          0x08000951   Thumb Code     2  stm32f10x_it.o(.text)
    SystemInit                               0x08000a31   Thumb Code    78  system_stm32f10x.o(.text)
    SystemCoreClockUpdate                    0x08000a7f   Thumb Code   142  system_stm32f10x.o(.text)
    LED_Init                                 0x08000b31   Thumb Code    68  led.o(.text)
    KEY_Init                                 0x08000b7d   Thumb Code    52  key.o(.text)
    KEY_Scan                                 0x08000bb1   Thumb Code   188  key.o(.text)
    LCD_WR_REG                               0x08000c79   Thumb Code     6  lcd.o(.text)
    LCD_WR_DATA                              0x08000c7f   Thumb Code     8  lcd.o(.text)
    LCD_RD_DATA                              0x08000c87   Thumb Code     8  lcd.o(.text)
    LCD_WriteReg                             0x08000c8f   Thumb Code    10  lcd.o(.text)
    LCD_ReadReg                              0x08000c99   Thumb Code    22  lcd.o(.text)
    LCD_WriteRAM_Prepare                     0x08000caf   Thumb Code    10  lcd.o(.text)
    LCD_WriteRAM                             0x08000cb9   Thumb Code     8  lcd.o(.text)
    LCD_BGR2RGB                              0x08000cc1   Thumb Code    26  lcd.o(.text)
    opt_delay                                0x08000cdb   Thumb Code    14  lcd.o(.text)
    LCD_SetCursor                            0x08000ce9   Thumb Code   262  lcd.o(.text)
    LCD_ReadPoint                            0x08000def   Thumb Code   360  lcd.o(.text)
    LCD_DisplayOn                            0x08000f57   Thumb Code    80  lcd.o(.text)
    LCD_DisplayOff                           0x08000fa7   Thumb Code    78  lcd.o(.text)
    LCD_Scan_Dir                             0x08000ff5   Thumb Code   718  lcd.o(.text)
    LCD_DrawPoint                            0x080012c3   Thumb Code    28  lcd.o(.text)
    LCD_Fast_DrawPoint                       0x080012df   Thumb Code   278  lcd.o(.text)
    LCD_Display_Dir                          0x080013f5   Thumb Code   434  lcd.o(.text)
    LCD_Set_Window                           0x080015a7   Thumb Code   420  lcd.o(.text)
    LCD_Clear                                0x0800174b   Thumb Code   100  lcd.o(.text)
    LCD_Init                                 0x080017af   Thumb Code 14090  lcd.o(.text)
    LCD_Fill                                 0x08004eb9   Thumb Code   178  lcd.o(.text)
    LCD_Color_Fill                           0x08004f6b   Thumb Code   102  lcd.o(.text)
    LCD_DrawLine                             0x08004fd1   Thumb Code   176  lcd.o(.text)
    LCD_DrawRectangle                        0x08005081   Thumb Code    60  lcd.o(.text)
    Draw_Circle                              0x080050bd   Thumb Code   152  lcd.o(.text)
    LCD_ShowChar                             0x08005155   Thumb Code   340  lcd.o(.text)
    LCD_Pow                                  0x080052a9   Thumb Code    22  lcd.o(.text)
    LCD_ShowNum                              0x080052bf   Thumb Code   148  lcd.o(.text)
    LCD_ShowxNum                             0x08005353   Thumb Code   218  lcd.o(.text)
    LCD_ShowString                           0x0800542d   Thumb Code   102  lcd.o(.text)
    RTC_Get_Week                             0x080054b5   Thumb Code   114  rtc.o(.text)
    Is_Leap_Year                             0x08005527   Thumb Code    58  rtc.o(.text)
    RTC_Get                                  0x08005561   Thumb Code   240  rtc.o(.text)
    RTC_Set                                  0x08005651   Thumb Code   184  rtc.o(.text)
    RTC_Init                                 0x08005709   Thumb Code   192  rtc.o(.text)
    RTC_IRQHandler                           0x080057c9   Thumb Code    40  rtc.o(.text)
    BEEP_Init                                0x0800580d   Thumb Code    50  beep.o(.text)
    delay_init                               0x08005845   Thumb Code    50  delay.o(.text)
    delay_us                                 0x08005877   Thumb Code    70  delay.o(.text)
    delay_ms                                 0x080058bd   Thumb Code    70  delay.o(.text)
    NVIC_Configuration                       0x08005915   Thumb Code    12  sys.o(.text)
    _sys_exit                                0x08005921   Thumb Code     6  usart.o(.text)
    fputc                                    0x08005927   Thumb Code    22  usart.o(.text)
    uart_init                                0x0800593d   Thumb Code   158  usart.o(.text)
    USART1_IRQHandler                        0x080059db   Thumb Code   122  usart.o(.text)
    Reset_Handler                            0x08005a65   Thumb Code     8  startup_stm32f10x_hd.o(.text)
    ADC1_2_IRQHandler                        0x08005a7f   Thumb Code     0  startup_stm32f10x_hd.o(.text)
    ADC3_IRQHandler                          0x08005a7f   Thumb Code     0  startup_stm32f10x_hd.o(.text)
    CAN1_RX1_IRQHandler                      0x08005a7f   Thumb Code     0  startup_stm32f10x_hd.o(.text)
    CAN1_SCE_IRQHandler                      0x08005a7f   Thumb Code     0  startup_stm32f10x_hd.o(.text)
    DMA1_Channel1_IRQHandler                 0x08005a7f   Thumb Code     0  startup_stm32f10x_hd.o(.text)
    DMA1_Channel2_IRQHandler                 0x08005a7f   Thumb Code     0  startup_stm32f10x_hd.o(.text)
    DMA1_Channel3_IRQHandler                 0x08005a7f   Thumb Code     0  startup_stm32f10x_hd.o(.text)
    DMA1_Channel4_IRQHandler                 0x08005a7f   Thumb Code     0  startup_stm32f10x_hd.o(.text)
    DMA1_Channel5_IRQHandler                 0x08005a7f   Thumb Code     0  startup_stm32f10x_hd.o(.text)
    DMA1_Channel6_IRQHandler                 0x08005a7f   Thumb Code     0  startup_stm32f10x_hd.o(.text)
    DMA1_Channel7_IRQHandler                 0x08005a7f   Thumb Code     0  startup_stm32f10x_hd.o(.text)
    DMA2_Channel1_IRQHandler                 0x08005a7f   Thumb Code     0  startup_stm32f10x_hd.o(.text)
    DMA2_Channel2_IRQHandler                 0x08005a7f   Thumb Code     0  startup_stm32f10x_hd.o(.text)
    DMA2_Channel3_IRQHandler                 0x08005a7f   Thumb Code     0  startup_stm32f10x_hd.o(.text)
    DMA2_Channel4_5_IRQHandler               0x08005a7f   Thumb Code     0  startup_stm32f10x_hd.o(.text)
    EXTI0_IRQHandler                         0x08005a7f   Thumb Code     0  startup_stm32f10x_hd.o(.text)
    EXTI15_10_IRQHandler                     0x08005a7f   Thumb Code     0  startup_stm32f10x_hd.o(.text)
    EXTI1_IRQHandler                         0x08005a7f   Thumb Code     0  startup_stm32f10x_hd.o(.text)
    EXTI2_IRQHandler                         0x08005a7f   Thumb Code     0  startup_stm32f10x_hd.o(.text)
    EXTI3_IRQHandler                         0x08005a7f   Thumb Code     0  startup_stm32f10x_hd.o(.text)
    EXTI4_IRQHandler                         0x08005a7f   Thumb Code     0  startup_stm32f10x_hd.o(.text)
    EXTI9_5_IRQHandler                       0x08005a7f   Thumb Code     0  startup_stm32f10x_hd.o(.text)
    FLASH_IRQHandler                         0x08005a7f   Thumb Code     0  startup_stm32f10x_hd.o(.text)
    FSMC_IRQHandler                          0x08005a7f   Thumb Code     0  startup_stm32f10x_hd.o(.text)
    I2C1_ER_IRQHandler                       0x08005a7f   Thumb Code     0  startup_stm32f10x_hd.o(.text)
    I2C1_EV_IRQHandler                       0x08005a7f   Thumb Code     0  startup_stm32f10x_hd.o(.text)
    I2C2_ER_IRQHandler                       0x08005a7f   Thumb Code     0  startup_stm32f10x_hd.o(.text)
    I2C2_EV_IRQHandler                       0x08005a7f   Thumb Code     0  startup_stm32f10x_hd.o(.text)
    PVD_IRQHandler                           0x08005a7f   Thumb Code     0  startup_stm32f10x_hd.o(.text)
    RCC_IRQHandler                           0x08005a7f   Thumb Code     0  startup_stm32f10x_hd.o(.text)
    RTCAlarm_IRQHandler                      0x08005a7f   Thumb Code     0  startup_stm32f10x_hd.o(.text)
    SDIO_IRQHandler                          0x08005a7f   Thumb Code     0  startup_stm32f10x_hd.o(.text)
    SPI1_IRQHandler                          0x08005a7f   Thumb Code     0  startup_stm32f10x_hd.o(.text)
    SPI2_IRQHandler                          0x08005a7f   Thumb Code     0  startup_stm32f10x_hd.o(.text)
    SPI3_IRQHandler                          0x08005a7f   Thumb Code     0  startup_stm32f10x_hd.o(.text)
    TAMPER_IRQHandler                        0x08005a7f   Thumb Code     0  startup_stm32f10x_hd.o(.text)
    TIM1_BRK_IRQHandler                      0x08005a7f   Thumb Code     0  startup_stm32f10x_hd.o(.text)
    TIM1_CC_IRQHandler                       0x08005a7f   Thumb Code     0  startup_stm32f10x_hd.o(.text)
    TIM1_TRG_COM_IRQHandler                  0x08005a7f   Thumb Code     0  startup_stm32f10x_hd.o(.text)
    TIM1_UP_IRQHandler                       0x08005a7f   Thumb Code     0  startup_stm32f10x_hd.o(.text)
    TIM3_IRQHandler                          0x08005a7f   Thumb Code     0  startup_stm32f10x_hd.o(.text)
    TIM4_IRQHandler                          0x08005a7f   Thumb Code     0  startup_stm32f10x_hd.o(.text)
    TIM5_IRQHandler                          0x08005a7f   Thumb Code     0  startup_stm32f10x_hd.o(.text)
    TIM6_IRQHandler                          0x08005a7f   Thumb Code     0  startup_stm32f10x_hd.o(.text)
    TIM7_IRQHandler                          0x08005a7f   Thumb Code     0  startup_stm32f10x_hd.o(.text)
    TIM8_BRK_IRQHandler                      0x08005a7f   Thumb Code     0  startup_stm32f10x_hd.o(.text)
    TIM8_CC_IRQHandler                       0x08005a7f   Thumb Code     0  startup_stm32f10x_hd.o(.text)
    TIM8_TRG_COM_IRQHandler                  0x08005a7f   Thumb Code     0  startup_stm32f10x_hd.o(.text)
    TIM8_UP_IRQHandler                       0x08005a7f   Thumb Code     0  startup_stm32f10x_hd.o(.text)
    UART4_IRQHandler                         0x08005a7f   Thumb Code     0  startup_stm32f10x_hd.o(.text)
    UART5_IRQHandler                         0x08005a7f   Thumb Code     0  startup_stm32f10x_hd.o(.text)
    USART2_IRQHandler                        0x08005a7f   Thumb Code     0  startup_stm32f10x_hd.o(.text)
    USART3_IRQHandler                        0x08005a7f   Thumb Code     0  startup_stm32f10x_hd.o(.text)
    USBWakeUp_IRQHandler                     0x08005a7f   Thumb Code     0  startup_stm32f10x_hd.o(.text)
    USB_HP_CAN1_TX_IRQHandler                0x08005a7f   Thumb Code     0  startup_stm32f10x_hd.o(.text)
    USB_LP_CAN1_RX0_IRQHandler               0x08005a7f   Thumb Code     0  startup_stm32f10x_hd.o(.text)
    WWDG_IRQHandler                          0x08005a7f   Thumb Code     0  startup_stm32f10x_hd.o(.text)
    __user_initial_stackheap                 0x08005a81   Thumb Code     0  startup_stm32f10x_hd.o(.text)
    NVIC_PriorityGroupConfig                 0x08005aa5   Thumb Code    10  misc.o(.text)
    NVIC_Init                                0x08005aaf   Thumb Code   102  misc.o(.text)
    NVIC_SetVectorTable                      0x08005b15   Thumb Code    14  misc.o(.text)
    NVIC_SystemLPConfig                      0x08005b23   Thumb Code    34  misc.o(.text)
    SysTick_CLKSourceConfig                  0x08005b45   Thumb Code    40  misc.o(.text)
    BKP_DeInit                               0x08005b81   Thumb Code    16  stm32f10x_bkp.o(.text)
    BKP_TamperPinLevelConfig                 0x08005b91   Thumb Code     6  stm32f10x_bkp.o(.text)
    BKP_TamperPinCmd                         0x08005b97   Thumb Code     8  stm32f10x_bkp.o(.text)
    BKP_ITConfig                             0x08005b9f   Thumb Code     8  stm32f10x_bkp.o(.text)
    BKP_RTCOutputConfig                      0x08005ba7   Thumb Code    22  stm32f10x_bkp.o(.text)
    BKP_SetRTCCalibrationValue               0x08005bbd   Thumb Code    22  stm32f10x_bkp.o(.text)
    BKP_WriteBackupRegister                  0x08005bd3   Thumb Code    24  stm32f10x_bkp.o(.text)
    BKP_ReadBackupRegister                   0x08005beb   Thumb Code    26  stm32f10x_bkp.o(.text)
    BKP_GetFlagStatus                        0x08005c05   Thumb Code    10  stm32f10x_bkp.o(.text)
    BKP_ClearFlag                            0x08005c0f   Thumb Code    18  stm32f10x_bkp.o(.text)
    BKP_GetITStatus                          0x08005c21   Thumb Code    10  stm32f10x_bkp.o(.text)
    BKP_ClearITPendingBit                    0x08005c2b   Thumb Code    18  stm32f10x_bkp.o(.text)
    FSMC_NORSRAMDeInit                       0x08005c45   Thumb Code    56  stm32f10x_fsmc.o(.text)
    FSMC_NANDDeInit                          0x08005c7d   Thumb Code    62  stm32f10x_fsmc.o(.text)
    FSMC_PCCARDDeInit                        0x08005cbb   Thumb Code    40  stm32f10x_fsmc.o(.text)
    FSMC_NORSRAMInit                         0x08005ce3   Thumb Code   224  stm32f10x_fsmc.o(.text)
    FSMC_NANDInit                            0x08005dc3   Thumb Code   130  stm32f10x_fsmc.o(.text)
    FSMC_PCCARDInit                          0x08005e45   Thumb Code   124  stm32f10x_fsmc.o(.text)
    FSMC_NORSRAMStructInit                   0x08005ec1   Thumb Code   114  stm32f10x_fsmc.o(.text)
    FSMC_NANDStructInit                      0x08005f33   Thumb Code    54  stm32f10x_fsmc.o(.text)
    FSMC_PCCARDStructInit                    0x08005f69   Thumb Code    60  stm32f10x_fsmc.o(.text)
    FSMC_NORSRAMCmd                          0x08005fa5   Thumb Code    46  stm32f10x_fsmc.o(.text)
    FSMC_NANDCmd                             0x08005fd3   Thumb Code    86  stm32f10x_fsmc.o(.text)
    FSMC_PCCARDCmd                           0x08006029   Thumb Code    40  stm32f10x_fsmc.o(.text)
    FSMC_NANDECCCmd                          0x08006051   Thumb Code   118  stm32f10x_fsmc.o(.text)
    FSMC_GetECC                              0x080060c7   Thumb Code    22  stm32f10x_fsmc.o(.text)
    FSMC_ITConfig                            0x080060dd   Thumb Code   128  stm32f10x_fsmc.o(.text)
    FSMC_GetFlagStatus                       0x0800615d   Thumb Code    48  stm32f10x_fsmc.o(.text)
    FSMC_ClearFlag                           0x0800618d   Thumb Code    62  stm32f10x_fsmc.o(.text)
    FSMC_GetITStatus                         0x080061cb   Thumb Code    60  stm32f10x_fsmc.o(.text)
    FSMC_ClearITPendingBit                   0x08006207   Thumb Code    64  stm32f10x_fsmc.o(.text)
    GPIO_DeInit                              0x0800625d   Thumb Code   172  stm32f10x_gpio.o(.text)
    GPIO_AFIODeInit                          0x08006309   Thumb Code    20  stm32f10x_gpio.o(.text)
    GPIO_Init                                0x0800631d   Thumb Code   274  stm32f10x_gpio.o(.text)
    GPIO_StructInit                          0x0800642f   Thumb Code    16  stm32f10x_gpio.o(.text)
    GPIO_ReadInputDataBit                    0x0800643f   Thumb Code    18  stm32f10x_gpio.o(.text)
    GPIO_ReadInputData                       0x08006451   Thumb Code     8  stm32f10x_gpio.o(.text)
    GPIO_ReadOutputDataBit                   0x08006459   Thumb Code    18  stm32f10x_gpio.o(.text)
    GPIO_ReadOutputData                      0x0800646b   Thumb Code     8  stm32f10x_gpio.o(.text)
    GPIO_SetBits                             0x08006473   Thumb Code     4  stm32f10x_gpio.o(.text)
    GPIO_ResetBits                           0x08006477   Thumb Code     4  stm32f10x_gpio.o(.text)
    GPIO_WriteBit                            0x0800647b   Thumb Code    10  stm32f10x_gpio.o(.text)
    GPIO_Write                               0x08006485   Thumb Code     4  stm32f10x_gpio.o(.text)
    GPIO_PinLockConfig                       0x08006489   Thumb Code    18  stm32f10x_gpio.o(.text)
    GPIO_EventOutputConfig                   0x0800649b   Thumb Code    26  stm32f10x_gpio.o(.text)
    GPIO_EventOutputCmd                      0x080064b5   Thumb Code     6  stm32f10x_gpio.o(.text)
    GPIO_PinRemapConfig                      0x080064bb   Thumb Code   138  stm32f10x_gpio.o(.text)
    GPIO_EXTILineConfig                      0x08006545   Thumb Code    66  stm32f10x_gpio.o(.text)
    GPIO_ETH_MediaInterfaceConfig            0x08006587   Thumb Code     6  stm32f10x_gpio.o(.text)
    PWR_DeInit                               0x080065b5   Thumb Code    22  stm32f10x_pwr.o(.text)
    PWR_BackupAccessCmd                      0x080065cb   Thumb Code     6  stm32f10x_pwr.o(.text)
    PWR_PVDCmd                               0x080065d1   Thumb Code     6  stm32f10x_pwr.o(.text)
    PWR_PVDLevelConfig                       0x080065d7   Thumb Code    18  stm32f10x_pwr.o(.text)
    PWR_WakeUpPinCmd                         0x080065e9   Thumb Code     6  stm32f10x_pwr.o(.text)
    PWR_EnterSTOPMode                        0x080065ef   Thumb Code    54  stm32f10x_pwr.o(.text)
    PWR_EnterSTANDBYMode                     0x08006625   Thumb Code    42  stm32f10x_pwr.o(.text)
    PWR_GetFlagStatus                        0x0800664f   Thumb Code    20  stm32f10x_pwr.o(.text)
    PWR_ClearFlag                            0x08006663   Thumb Code    14  stm32f10x_pwr.o(.text)
    RCC_DeInit                               0x08006681   Thumb Code    64  stm32f10x_rcc.o(.text)
    RCC_HSEConfig                            0x080066c1   Thumb Code    70  stm32f10x_rcc.o(.text)
    RCC_GetFlagStatus                        0x08006707   Thumb Code    56  stm32f10x_rcc.o(.text)
    RCC_WaitForHSEStartUp                    0x0800673f   Thumb Code    56  stm32f10x_rcc.o(.text)
    RCC_AdjustHSICalibrationValue            0x08006777   Thumb Code    20  stm32f10x_rcc.o(.text)
    RCC_HSICmd                               0x0800678b   Thumb Code     6  stm32f10x_rcc.o(.text)
    RCC_PLLConfig                            0x08006791   Thumb Code    24  stm32f10x_rcc.o(.text)
    RCC_PLLCmd                               0x080067a9   Thumb Code     6  stm32f10x_rcc.o(.text)
    RCC_SYSCLKConfig                         0x080067af   Thumb Code    18  stm32f10x_rcc.o(.text)
    RCC_GetSYSCLKSource                      0x080067c1   Thumb Code    10  stm32f10x_rcc.o(.text)
    RCC_HCLKConfig                           0x080067cb   Thumb Code    18  stm32f10x_rcc.o(.text)
    RCC_PCLK1Config                          0x080067dd   Thumb Code    18  stm32f10x_rcc.o(.text)
    RCC_PCLK2Config                          0x080067ef   Thumb Code    20  stm32f10x_rcc.o(.text)
    RCC_ITConfig                             0x08006803   Thumb Code    26  stm32f10x_rcc.o(.text)
    RCC_USBCLKConfig                         0x0800681d   Thumb Code     6  stm32f10x_rcc.o(.text)
    RCC_ADCCLKConfig                         0x08006823   Thumb Code    18  stm32f10x_rcc.o(.text)
    RCC_LSEConfig                            0x08006835   Thumb Code    44  stm32f10x_rcc.o(.text)
    RCC_LSICmd                               0x08006861   Thumb Code     6  stm32f10x_rcc.o(.text)
    RCC_RTCCLKConfig                         0x08006867   Thumb Code    12  stm32f10x_rcc.o(.text)
    RCC_RTCCLKCmd                            0x08006873   Thumb Code     8  stm32f10x_rcc.o(.text)
    RCC_GetClocksFreq                        0x0800687b   Thumb Code   192  stm32f10x_rcc.o(.text)
    RCC_AHBPeriphClockCmd                    0x0800693b   Thumb Code    26  stm32f10x_rcc.o(.text)
    RCC_APB2PeriphClockCmd                   0x08006955   Thumb Code    26  stm32f10x_rcc.o(.text)
    RCC_APB1PeriphClockCmd                   0x0800696f   Thumb Code    26  stm32f10x_rcc.o(.text)
    RCC_APB2PeriphResetCmd                   0x08006989   Thumb Code    26  stm32f10x_rcc.o(.text)
    RCC_APB1PeriphResetCmd                   0x080069a3   Thumb Code    26  stm32f10x_rcc.o(.text)
    RCC_BackupResetCmd                       0x080069bd   Thumb Code     8  stm32f10x_rcc.o(.text)
    RCC_ClockSecuritySystemCmd               0x080069c5   Thumb Code     6  stm32f10x_rcc.o(.text)
    RCC_MCOConfig                            0x080069cb   Thumb Code     6  stm32f10x_rcc.o(.text)
    RCC_ClearFlag                            0x080069d1   Thumb Code    14  stm32f10x_rcc.o(.text)
    RCC_GetITStatus                          0x080069df   Thumb Code    20  stm32f10x_rcc.o(.text)
    RCC_ClearITPendingBit                    0x080069f3   Thumb Code     6  stm32f10x_rcc.o(.text)
    USART_DeInit                             0x08006a25   Thumb Code   134  stm32f10x_usart.o(.text)
    USART_Init                               0x08006aab   Thumb Code   210  stm32f10x_usart.o(.text)
    USART_StructInit                         0x08006b7d   Thumb Code    24  stm32f10x_usart.o(.text)
    USART_ClockInit                          0x08006b95   Thumb Code    34  stm32f10x_usart.o(.text)
    USART_ClockStructInit                    0x08006bb7   Thumb Code    12  stm32f10x_usart.o(.text)
    USART_Cmd                                0x08006bc3   Thumb Code    24  stm32f10x_usart.o(.text)
    USART_ITConfig                           0x08006bdb   Thumb Code    74  stm32f10x_usart.o(.text)
    USART_DMACmd                             0x08006c25   Thumb Code    18  stm32f10x_usart.o(.text)
    USART_SetAddress                         0x08006c37   Thumb Code    18  stm32f10x_usart.o(.text)
    USART_WakeUpConfig                       0x08006c49   Thumb Code    18  stm32f10x_usart.o(.text)
    USART_ReceiverWakeUpCmd                  0x08006c5b   Thumb Code    24  stm32f10x_usart.o(.text)
    USART_LINBreakDetectLengthConfig         0x08006c73   Thumb Code    18  stm32f10x_usart.o(.text)
    USART_LINCmd                             0x08006c85   Thumb Code    24  stm32f10x_usart.o(.text)
    USART_SendData                           0x08006c9d   Thumb Code     8  stm32f10x_usart.o(.text)
    USART_ReceiveData                        0x08006ca5   Thumb Code    10  stm32f10x_usart.o(.text)
    USART_SendBreak                          0x08006caf   Thumb Code    10  stm32f10x_usart.o(.text)
    USART_SetGuardTime                       0x08006cb9   Thumb Code    16  stm32f10x_usart.o(.text)
    USART_SetPrescaler                       0x08006cc9   Thumb Code    16  stm32f10x_usart.o(.text)
    USART_SmartCardCmd                       0x08006cd9   Thumb Code    24  stm32f10x_usart.o(.text)
    USART_SmartCardNACKCmd                   0x08006cf1   Thumb Code    24  stm32f10x_usart.o(.text)
    USART_HalfDuplexCmd                      0x08006d09   Thumb Code    24  stm32f10x_usart.o(.text)
    USART_OverSampling8Cmd                   0x08006d21   Thumb Code    22  stm32f10x_usart.o(.text)
    USART_OneBitMethodCmd                    0x08006d37   Thumb Code    24  stm32f10x_usart.o(.text)
    USART_IrDAConfig                         0x08006d4f   Thumb Code    18  stm32f10x_usart.o(.text)
    USART_IrDACmd                            0x08006d61   Thumb Code    24  stm32f10x_usart.o(.text)
    USART_GetFlagStatus                      0x08006d79   Thumb Code    26  stm32f10x_usart.o(.text)
    USART_ClearFlag                          0x08006d93   Thumb Code    18  stm32f10x_usart.o(.text)
    USART_GetITStatus                        0x08006da5   Thumb Code    84  stm32f10x_usart.o(.text)
    USART_ClearITPendingBit                  0x08006df9   Thumb Code    52  stm32f10x_usart.o(.text)
    RTC_ITConfig                             0x08006e2d   Thumb Code    26  stm32f10x_rtc.o(.text)
    RTC_EnterConfigMode                      0x08006e47   Thumb Code    18  stm32f10x_rtc.o(.text)
    RTC_ExitConfigMode                       0x08006e59   Thumb Code    20  stm32f10x_rtc.o(.text)
    RTC_GetCounter                           0x08006e6d   Thumb Code    18  stm32f10x_rtc.o(.text)
    RTC_SetCounter                           0x08006e7f   Thumb Code    26  stm32f10x_rtc.o(.text)
    RTC_SetPrescaler                         0x08006e99   Thumb Code    28  stm32f10x_rtc.o(.text)
    RTC_SetAlarm                             0x08006eb5   Thumb Code    26  stm32f10x_rtc.o(.text)
    RTC_GetDivider                           0x08006ecf   Thumb Code    22  stm32f10x_rtc.o(.text)
    RTC_WaitForLastTask                      0x08006ee5   Thumb Code    16  stm32f10x_rtc.o(.text)
    RTC_WaitForSynchro                       0x08006ef5   Thumb Code    34  stm32f10x_rtc.o(.text)
    RTC_GetFlagStatus                        0x08006f17   Thumb Code    22  stm32f10x_rtc.o(.text)
    RTC_ClearFlag                            0x08006f2d   Thumb Code    16  stm32f10x_rtc.o(.text)
    RTC_GetITStatus                          0x08006f3d   Thumb Code    32  stm32f10x_rtc.o(.text)
    RTC_ClearITPendingBit                    0x08006f5d   Thumb Code    16  stm32f10x_rtc.o(.text)
    TIM_DeInit                               0x08006f71   Thumb Code   424  stm32f10x_tim.o(.text)
    TIM_TimeBaseInit                         0x08007119   Thumb Code   122  stm32f10x_tim.o(.text)
    TIM_OC1Init                              0x08007193   Thumb Code   132  stm32f10x_tim.o(.text)
    TIM_OC2Init                              0x08007217   Thumb Code   154  stm32f10x_tim.o(.text)
    TIM_OC3Init                              0x080072b1   Thumb Code   150  stm32f10x_tim.o(.text)
    TIM_OC4Init                              0x08007347   Thumb Code   182  stm32f10x_tim.o(.text)
    TIM_SetIC4Prescaler                      0x080073fd   Thumb Code    26  stm32f10x_tim.o(.text)
    TIM_SetIC3Prescaler                      0x08007499   Thumb Code    18  stm32f10x_tim.o(.text)
    TIM_SetIC2Prescaler                      0x08007525   Thumb Code    26  stm32f10x_tim.o(.text)
    TIM_SetIC1Prescaler                      0x080075c1   Thumb Code    18  stm32f10x_tim.o(.text)
    TIM_ICInit                               0x0800763f   Thumb Code   150  stm32f10x_tim.o(.text)
    TIM_PWMIConfig                           0x080076d5   Thumb Code   124  stm32f10x_tim.o(.text)
    TIM_BDTRConfig                           0x08007751   Thumb Code    32  stm32f10x_tim.o(.text)
    TIM_TimeBaseStructInit                   0x08007771   Thumb Code    18  stm32f10x_tim.o(.text)
    TIM_OCStructInit                         0x08007783   Thumb Code    20  stm32f10x_tim.o(.text)
    TIM_ICStructInit                         0x08007797   Thumb Code    18  stm32f10x_tim.o(.text)
    TIM_BDTRStructInit                       0x080077a9   Thumb Code    40  stm32f10x_tim.o(.text)
    TIM_Cmd                                  0x080077d1   Thumb Code    24  stm32f10x_tim.o(.text)
    TIM_CtrlPWMOutputs                       0x080077e9   Thumb Code    30  stm32f10x_tim.o(.text)
    TIM_ITConfig                             0x08007807   Thumb Code    18  stm32f10x_tim.o(.text)
    TIM_GenerateEvent                        0x08007819   Thumb Code     4  stm32f10x_tim.o(.text)
    TIM_DMAConfig                            0x0800781d   Thumb Code    10  stm32f10x_tim.o(.text)
    TIM_DMACmd                               0x08007827   Thumb Code    18  stm32f10x_tim.o(.text)
    TIM_InternalClockConfig                  0x08007839   Thumb Code    12  stm32f10x_tim.o(.text)
    TIM_SelectInputTrigger                   0x08007845   Thumb Code    18  stm32f10x_tim.o(.text)
    TIM_ITRxExternalClockConfig              0x08007857   Thumb Code    24  stm32f10x_tim.o(.text)
    TIM_TIxExternalClockConfig               0x0800786f   Thumb Code    62  stm32f10x_tim.o(.text)
    TIM_ETRConfig                            0x080078ad   Thumb Code    28  stm32f10x_tim.o(.text)
    TIM_ETRClockMode1Config                  0x080078c9   Thumb Code    54  stm32f10x_tim.o(.text)
    TIM_ETRClockMode2Config                  0x080078ff   Thumb Code    32  stm32f10x_tim.o(.text)
    TIM_PrescalerConfig                      0x0800791f   Thumb Code     6  stm32f10x_tim.o(.text)
    TIM_CounterModeConfig                    0x08007925   Thumb Code    18  stm32f10x_tim.o(.text)
    TIM_EncoderInterfaceConfig               0x08007937   Thumb Code    66  stm32f10x_tim.o(.text)
    TIM_ForcedOC1Config                      0x08007979   Thumb Code    18  stm32f10x_tim.o(.text)
    TIM_ForcedOC2Config                      0x0800798b   Thumb Code    26  stm32f10x_tim.o(.text)
    TIM_ForcedOC3Config                      0x080079a5   Thumb Code    18  stm32f10x_tim.o(.text)
    TIM_ForcedOC4Config                      0x080079b7   Thumb Code    26  stm32f10x_tim.o(.text)
    TIM_ARRPreloadConfig                     0x080079d1   Thumb Code    24  stm32f10x_tim.o(.text)
    TIM_SelectCOM                            0x080079e9   Thumb Code    24  stm32f10x_tim.o(.text)
    TIM_SelectCCDMA                          0x08007a01   Thumb Code    24  stm32f10x_tim.o(.text)
    TIM_CCPreloadControl                     0x08007a19   Thumb Code    24  stm32f10x_tim.o(.text)
    TIM_OC1PreloadConfig                     0x08007a31   Thumb Code    18  stm32f10x_tim.o(.text)
    TIM_OC2PreloadConfig                     0x08007a43   Thumb Code    26  stm32f10x_tim.o(.text)
    TIM_OC3PreloadConfig                     0x08007a5d   Thumb Code    18  stm32f10x_tim.o(.text)
    TIM_OC4PreloadConfig                     0x08007a6f   Thumb Code    26  stm32f10x_tim.o(.text)
    TIM_OC1FastConfig                        0x08007a89   Thumb Code    18  stm32f10x_tim.o(.text)
    TIM_OC2FastConfig                        0x08007a9b   Thumb Code    26  stm32f10x_tim.o(.text)
    TIM_OC3FastConfig                        0x08007ab5   Thumb Code    18  stm32f10x_tim.o(.text)
    TIM_OC4FastConfig                        0x08007ac7   Thumb Code    26  stm32f10x_tim.o(.text)
    TIM_ClearOC1Ref                          0x08007ae1   Thumb Code    18  stm32f10x_tim.o(.text)
    TIM_ClearOC2Ref                          0x08007af3   Thumb Code    24  stm32f10x_tim.o(.text)
    TIM_ClearOC3Ref                          0x08007b0b   Thumb Code    18  stm32f10x_tim.o(.text)
    TIM_ClearOC4Ref                          0x08007b1d   Thumb Code    24  stm32f10x_tim.o(.text)
    TIM_OC1PolarityConfig                    0x08007b35   Thumb Code    18  stm32f10x_tim.o(.text)
    TIM_OC1NPolarityConfig                   0x08007b47   Thumb Code    18  stm32f10x_tim.o(.text)
    TIM_OC2PolarityConfig                    0x08007b59   Thumb Code    26  stm32f10x_tim.o(.text)
    TIM_OC2NPolarityConfig                   0x08007b73   Thumb Code    26  stm32f10x_tim.o(.text)
    TIM_OC3PolarityConfig                    0x08007b8d   Thumb Code    26  stm32f10x_tim.o(.text)
    TIM_OC3NPolarityConfig                   0x08007ba7   Thumb Code    26  stm32f10x_tim.o(.text)
    TIM_OC4PolarityConfig                    0x08007bc1   Thumb Code    26  stm32f10x_tim.o(.text)
    TIM_CCxCmd                               0x08007bdb   Thumb Code    30  stm32f10x_tim.o(.text)
    TIM_CCxNCmd                              0x08007bf9   Thumb Code    30  stm32f10x_tim.o(.text)
    TIM_SelectOCxM                           0x08007c17   Thumb Code    82  stm32f10x_tim.o(.text)
    TIM_UpdateDisableConfig                  0x08007c69   Thumb Code    24  stm32f10x_tim.o(.text)
    TIM_UpdateRequestConfig                  0x08007c81   Thumb Code    24  stm32f10x_tim.o(.text)
    TIM_SelectHallSensor                     0x08007c99   Thumb Code    24  stm32f10x_tim.o(.text)
    TIM_SelectOnePulseMode                   0x08007cb1   Thumb Code    18  stm32f10x_tim.o(.text)
    TIM_SelectOutputTrigger                  0x08007cc3   Thumb Code    18  stm32f10x_tim.o(.text)
    TIM_SelectSlaveMode                      0x08007cd5   Thumb Code    18  stm32f10x_tim.o(.text)
    TIM_SelectMasterSlaveMode                0x08007ce7   Thumb Code    18  stm32f10x_tim.o(.text)
    TIM_SetCounter                           0x08007cf9   Thumb Code     4  stm32f10x_tim.o(.text)
    TIM_SetAutoreload                        0x08007cfd   Thumb Code     4  stm32f10x_tim.o(.text)
    TIM_SetCompare1                          0x08007d01   Thumb Code     4  stm32f10x_tim.o(.text)
    TIM_SetCompare2                          0x08007d05   Thumb Code     4  stm32f10x_tim.o(.text)
    TIM_SetCompare3                          0x08007d09   Thumb Code     4  stm32f10x_tim.o(.text)
    TIM_SetCompare4                          0x08007d0d   Thumb Code     6  stm32f10x_tim.o(.text)
    TIM_SetClockDivision                     0x08007d13   Thumb Code    18  stm32f10x_tim.o(.text)
    TIM_GetCapture1                          0x08007d25   Thumb Code     6  stm32f10x_tim.o(.text)
    TIM_GetCapture2                          0x08007d2b   Thumb Code     6  stm32f10x_tim.o(.text)
    TIM_GetCapture3                          0x08007d31   Thumb Code     6  stm32f10x_tim.o(.text)
    TIM_GetCapture4                          0x08007d37   Thumb Code     8  stm32f10x_tim.o(.text)
    TIM_GetCounter                           0x08007d3f   Thumb Code     6  stm32f10x_tim.o(.text)
    TIM_GetPrescaler                         0x08007d45   Thumb Code     6  stm32f10x_tim.o(.text)
    TIM_GetFlagStatus                        0x08007d4b   Thumb Code    18  stm32f10x_tim.o(.text)
    TIM_ClearFlag                            0x08007d5d   Thumb Code     6  stm32f10x_tim.o(.text)
    TIM_GetITStatus                          0x08007d63   Thumb Code    34  stm32f10x_tim.o(.text)
    TIM_ClearITPendingBit                    0x08007d85   Thumb Code     6  stm32f10x_tim.o(.text)
    usmart_sys_cmd_exe                       0x08007d8d   Thumb Code  1554  usmart.o(.text)
    usmart_reset_runtime                     0x0800839f   Thumb Code    34  usmart.o(.text)
    usmart_get_runtime                       0x080083c1   Thumb Code    58  usmart.o(.text)
    TIM2_IRQHandler                          0x080083fb   Thumb Code    52  usmart.o(.text)
    Timer2_Init                              0x0800842f   Thumb Code    90  usmart.o(.text)
    usmart_init                              0x08008489   Thumb Code    36  usmart.o(.text)
    usmart_cmd_rec                           0x080084ad   Thumb Code   170  usmart.o(.text)
    usmart_exe                               0x08008557   Thumb Code   864  usmart.o(.text)
    usmart_scan                              0x080088b7   Thumb Code   118  usmart.o(.text)
    read_addr                                0x0800892d   Thumb Code     6  usmart.o(.text)
    write_addr                               0x08008933   Thumb Code     4  usmart.o(.text)
    usmart_strcmp                            0x080089c1   Thumb Code    34  usmart_str.o(.text)
    usmart_strcopy                           0x080089e3   Thumb Code    22  usmart_str.o(.text)
    usmart_strlen                            0x080089f9   Thumb Code    24  usmart_str.o(.text)
    usmart_pow                               0x08008a11   Thumb Code    22  usmart_str.o(.text)
    usmart_str2num                           0x08008a27   Thumb Code   202  usmart_str.o(.text)
    usmart_get_cmdname                       0x08008af1   Thumb Code    54  usmart_str.o(.text)
    usmart_search_nextc                      0x08008b27   Thumb Code    22  usmart_str.o(.text)
    usmart_get_fname                         0x08008b3d   Thumb Code   440  usmart_str.o(.text)
    usmart_get_aparm                         0x08008cf5   Thumb Code   200  usmart_str.o(.text)
    usmart_get_parmpos                       0x08008dbd   Thumb Code    26  usmart_str.o(.text)
    usmart_get_fparam                        0x08008dd7   Thumb Code   262  usmart_str.o(.text)
    __use_no_semihosting                     0x08008ee9   Thumb Code     2  use_no_semi_2.o(.text)
    __2printf                                0x08008eed   Thumb Code    20  noretval__2printf.o(.text)
    _printf_pre_padding                      0x08008f05   Thumb Code    46  _printf_pad.o(.text)
    _printf_post_padding                     0x08008f33   Thumb Code    36  _printf_pad.o(.text)
    _printf_str                              0x08008f57   Thumb Code    82  _printf_str.o(.text)
    _printf_int_dec                          0x08008fa9   Thumb Code   102  _printf_dec.o(.text)
    _printf_int_hex                          0x08009021   Thumb Code    88  _printf_hex_int.o(.text)
    _printf_longlong_hex                     0x08009021   Thumb Code     0  _printf_hex_int.o(.text)
    __printf                                 0x0800907d   Thumb Code   390  __printf_flags_ss_wp.o(.text)
    __use_two_region_memory                  0x08009209   Thumb Code     2  heapauxi.o(.text)
    __rt_heap_escrow$2region                 0x0800920b   Thumb Code     2  heapauxi.o(.text)
    __rt_heap_expand$2region                 0x0800920d   Thumb Code     2  heapauxi.o(.text)
    __I$use$semihosting                      0x0800920f   Thumb Code     0  use_no_semi.o(.text)
    __use_no_semihosting_swi                 0x0800920f   Thumb Code     2  use_no_semi.o(.text)
    _printf_int_common                       0x08009211   Thumb Code   184  _printf_intcommon.o(.text)
    _printf_cs_common                        0x080092c9   Thumb Code    20  _printf_char.o(.text)
    _printf_char                             0x080092dd   Thumb Code    16  _printf_char.o(.text)
    _printf_string                           0x080092ed   Thumb Code     8  _printf_char.o(.text)
    _printf_char_file                        0x080092f5   Thumb Code    32  _printf_char_file.o(.text)
    _printf_char_common                      0x08009323   Thumb Code    32  _printf_char_common.o(.text)
    ferror                                   0x08009349   Thumb Code     8  ferror.o(.text)
    __user_setup_stackheap                   0x08009351   Thumb Code    74  sys_stackheap_outer.o(.text)
    exit                                     0x0800939b   Thumb Code    12  exit.o(.text)
    __user_libspace                          0x080093a9   Thumb Code     8  libspace.o(.text)
    __user_perproc_libspace                  0x080093a9   Thumb Code     0  libspace.o(.text)
    __user_perthread_libspace                0x080093a9   Thumb Code     0  libspace.o(.text)
    _is_digit                                0x080093b1   Thumb Code    14  __printf_wp.o(i._is_digit)
    asc2_1206                                0x080093be   Data        1140  lcd.o(.constdata)
    asc2_1608                                0x08009832   Data        1520  lcd.o(.constdata)
    table_week                               0x08009e22   Data          12  rtc.o(.constdata)
    mon_table                                0x08009e2e   Data          12  rtc.o(.constdata)
    Region$$Table$$Base                      0x08009f38   Number         0  anon$$obj.o(Region$$Table)
    Region$$Table$$Limit                     0x08009f58   Number         0  anon$$obj.o(Region$$Table)
    SystemCoreClock                          0x20000000   Data           4  system_stm32f10x.o(.data)
    AHBPrescTable                            0x20000004   Data          16  system_stm32f10x.o(.data)
    POINT_COLOR                              0x20000016   Data           2  lcd.o(.data)
    BACK_COLOR                               0x20000018   Data           2  lcd.o(.data)
    USART_RX_STA                             0x20000020   Data           2  usart.o(.data)
    __stdout                                 0x20000024   Data           4  usart.o(.data)
    sys_cmd_tab                              0x2000003c   Data          28  usmart.o(.data)
    usmart_nametab                           0x20000058   Data          40  usmart_config.o(.data)
    usmart_dev                               0x20000080   Data         244  usmart_config.o(.data)
    lcddev                                   0x20000174   Data          14  lcd.o(.bss)
    calendar                                 0x20000182   Data          10  rtc.o(.bss)
    USART_RX_BUF                             0x2000018c   Data         200  usart.o(.bss)
    __libspace_start                         0x20000254   Data          96  libspace.o(.bss)
    __temporary_stack_top$libspace           0x200002b4   Data           0  libspace.o(.bss)



==============================================================================

Memory Map of the image

  Image Entry point : 0x08000131

  Load Region LR_IROM1 (Base: 0x08000000, Size: 0x0000a0cc, Max: 0x00080000, ABSOLUTE, COMPRESSED[0x00009fc4])

    Execution Region ER_IROM1 (Base: 0x08000000, Size: 0x00009f58, Max: 0x00080000, ABSOLUTE)

    Base Addr    Size         Type   Attr      Idx    E Section Name        Object

    0x08000000   0x00000130   Data   RO          296    RESET               startup_stm32f10x_hd.o
    0x08000130   0x00000008   Code   RO          520  * !!!main             c_w.l(__main.o)
    0x08000138   0x00000034   Code   RO          689    !!!scatter          c_w.l(__scatter.o)
    0x0800016c   0x0000005a   Code   RO          687    !!dczerorl2         c_w.l(__dczerorl2.o)
    0x080001c6   0x00000002   PAD
    0x080001c8   0x0000001c   Code   RO          691    !!handler_zi        c_w.l(__scatter_zi.o)
    0x080001e4   0x00000000   Code   RO          517    .ARM.Collect$$_printf_percent$$00000000  c_w.l(_printf_percent.o)
    0x080001e4   0x00000006   Code   RO          515    .ARM.Collect$$_printf_percent$$00000009  c_w.l(_printf_d.o)
    0x080001ea   0x00000006   Code   RO          516    .ARM.Collect$$_printf_percent$$0000000A  c_w.l(_printf_u.o)
    0x080001f0   0x00000006   Code   RO          514    .ARM.Collect$$_printf_percent$$0000000C  c_w.l(_printf_x.o)
    0x080001f6   0x00000006   Code   RO          512    .ARM.Collect$$_printf_percent$$00000013  c_w.l(_printf_c.o)
    0x080001fc   0x00000006   Code   RO          513    .ARM.Collect$$_printf_percent$$00000014  c_w.l(_printf_s.o)
    0x08000202   0x00000004   Code   RO          531    .ARM.Collect$$_printf_percent$$00000017  c_w.l(_printf_percent_end.o)
    0x08000206   0x00000002   Code   RO          564    .ARM.Collect$$libinit$$00000000  c_w.l(libinit.o)
    0x08000208   0x00000000   Code   RO          571    .ARM.Collect$$libinit$$00000002  c_w.l(libinit2.o)
    0x08000208   0x00000000   Code   RO          574    .ARM.Collect$$libinit$$00000008  c_w.l(libinit2.o)
    0x08000208   0x00000000   Code   RO          576    .ARM.Collect$$libinit$$0000000A  c_w.l(libinit2.o)
    0x08000208   0x00000000   Code   RO          578    .ARM.Collect$$libinit$$0000000C  c_w.l(libinit2.o)
    0x08000208   0x00000000   Code   RO          581    .ARM.Collect$$libinit$$0000000F  c_w.l(libinit2.o)
    0x08000208   0x00000000   Code   RO          583    .ARM.Collect$$libinit$$00000011  c_w.l(libinit2.o)
    0x08000208   0x00000000   Code   RO          585    .ARM.Collect$$libinit$$00000013  c_w.l(libinit2.o)
    0x08000208   0x00000000   Code   RO          587    .ARM.Collect$$libinit$$00000015  c_w.l(libinit2.o)
    0x08000208   0x00000000   Code   RO          589    .ARM.Collect$$libinit$$00000017  c_w.l(libinit2.o)
    0x08000208   0x00000000   Code   RO          591    .ARM.Collect$$libinit$$00000019  c_w.l(libinit2.o)
    0x08000208   0x00000000   Code   RO          593    .ARM.Collect$$libinit$$0000001B  c_w.l(libinit2.o)
    0x08000208   0x00000000   Code   RO          595    .ARM.Collect$$libinit$$0000001D  c_w.l(libinit2.o)
    0x08000208   0x00000000   Code   RO          597    .ARM.Collect$$libinit$$0000001F  c_w.l(libinit2.o)
    0x08000208   0x00000000   Code   RO          599    .ARM.Collect$$libinit$$00000021  c_w.l(libinit2.o)
    0x08000208   0x00000000   Code   RO          601    .ARM.Collect$$libinit$$00000023  c_w.l(libinit2.o)
    0x08000208   0x00000000   Code   RO          605    .ARM.Collect$$libinit$$0000002A  c_w.l(libinit2.o)
    0x08000208   0x00000000   Code   RO          607    .ARM.Collect$$libinit$$0000002C  c_w.l(libinit2.o)
    0x08000208   0x00000000   Code   RO          609    .ARM.Collect$$libinit$$0000002E  c_w.l(libinit2.o)
    0x08000208   0x00000000   Code   RO          611    .ARM.Collect$$libinit$$00000030  c_w.l(libinit2.o)
    0x08000208   0x00000002   Code   RO          612    .ARM.Collect$$libinit$$00000031  c_w.l(libinit2.o)
    0x0800020a   0x00000002   Code   RO          630    .ARM.Collect$$libshutdown$$00000000  c_w.l(libshutdown.o)
    0x0800020c   0x00000000   Code   RO          641    .ARM.Collect$$libshutdown$$00000003  c_w.l(libshutdown2.o)
    0x0800020c   0x00000000   Code   RO          644    .ARM.Collect$$libshutdown$$00000006  c_w.l(libshutdown2.o)
    0x0800020c   0x00000000   Code   RO          647    .ARM.Collect$$libshutdown$$00000009  c_w.l(libshutdown2.o)
    0x0800020c   0x00000000   Code   RO          649    .ARM.Collect$$libshutdown$$0000000B  c_w.l(libshutdown2.o)
    0x0800020c   0x00000000   Code   RO          652    .ARM.Collect$$libshutdown$$0000000E  c_w.l(libshutdown2.o)
    0x0800020c   0x00000002   Code   RO          653    .ARM.Collect$$libshutdown$$0000000F  c_w.l(libshutdown2.o)
    0x0800020e   0x00000000   Code   RO          524    .ARM.Collect$$rtentry$$00000000  c_w.l(rtentry.o)
    0x0800020e   0x00000000   Code   RO          533    .ARM.Collect$$rtentry$$00000002  c_w.l(rtentry2.o)
    0x0800020e   0x00000006   Code   RO          545    .ARM.Collect$$rtentry$$00000004  c_w.l(rtentry4.o)
    0x08000214   0x00000000   Code   RO          535    .ARM.Collect$$rtentry$$00000009  c_w.l(rtentry2.o)
    0x08000214   0x00000004   Code   RO          536    .ARM.Collect$$rtentry$$0000000A  c_w.l(rtentry2.o)
    0x08000218   0x00000000   Code   RO          538    .ARM.Collect$$rtentry$$0000000C  c_w.l(rtentry2.o)
    0x08000218   0x00000008   Code   RO          539    .ARM.Collect$$rtentry$$0000000D  c_w.l(rtentry2.o)
    0x08000220   0x00000002   Code   RO          568    .ARM.Collect$$rtexit$$00000000  c_w.l(rtexit.o)
    0x08000222   0x00000000   Code   RO          614    .ARM.Collect$$rtexit$$00000002  c_w.l(rtexit2.o)
    0x08000222   0x00000004   Code   RO          615    .ARM.Collect$$rtexit$$00000003  c_w.l(rtexit2.o)
    0x08000226   0x00000006   Code   RO          616    .ARM.Collect$$rtexit$$00000004  c_w.l(rtexit2.o)
    0x0800022c   0x0000070c   Code   RO            1    .text               main.o
    0x08000938   0x0000001a   Code   RO          100    .text               stm32f10x_it.o
    0x08000952   0x00000002   PAD
    0x08000954   0x000001dc   Code   RO          132    .text               system_stm32f10x.o
    0x08000b30   0x0000004c   Code   RO          150    .text               led.o
    0x08000b7c   0x000000fc   Code   RO          162    .text               key.o
    0x08000c78   0x0000481a   Code   RO          175    .text               lcd.o
    0x08005492   0x00000002   PAD
    0x08005494   0x00000378   Code   RO          198    .text               rtc.o
    0x0800580c   0x00000038   Code   RO          222    .text               beep.o
    0x08005844   0x000000d0   Code   RO          234    .text               delay.o
    0x08005914   0x0000000c   Code   RO          248    .text               sys.o
    0x08005920   0x00000144   Code   RO          260    .text               usart.o
    0x08005a64   0x00000040   Code   RO          297    .text               startup_stm32f10x_hd.o
    0x08005aa4   0x000000dc   Code   RO          301    .text               misc.o
    0x08005b80   0x000000c4   Code   RO          313    .text               stm32f10x_bkp.o
    0x08005c44   0x00000618   Code   RO          325    .text               stm32f10x_fsmc.o
    0x0800625c   0x00000358   Code   RO          337    .text               stm32f10x_gpio.o
    0x080065b4   0x000000cc   Code   RO          349    .text               stm32f10x_pwr.o
    0x08006680   0x000003a4   Code   RO          361    .text               stm32f10x_rcc.o
    0x08006a24   0x00000408   Code   RO          375    .text               stm32f10x_usart.o
    0x08006e2c   0x00000144   Code   RO          387    .text               stm32f10x_rtc.o
    0x08006f70   0x00000e1a   Code   RO          399    .text               stm32f10x_tim.o
    0x08007d8a   0x00000002   PAD
    0x08007d8c   0x00000c34   Code   RO          411    .text               usmart.o
    0x080089c0   0x00000528   Code   RO          443    .text               usmart_str.o
    0x08008ee8   0x00000002   Code   RO          457    .text               c_w.l(use_no_semi_2.o)
    0x08008eea   0x00000002   PAD
    0x08008eec   0x00000018   Code   RO          461    .text               c_w.l(noretval__2printf.o)
    0x08008f04   0x00000052   Code   RO          465    .text               c_w.l(_printf_pad.o)
    0x08008f56   0x00000052   Code   RO          467    .text               c_w.l(_printf_str.o)
    0x08008fa8   0x00000078   Code   RO          469    .text               c_w.l(_printf_dec.o)
    0x08009020   0x0000005c   Code   RO          474    .text               c_w.l(_printf_hex_int.o)
    0x0800907c   0x0000018c   Code   RO          509    .text               c_w.l(__printf_flags_ss_wp.o)
    0x08009208   0x00000006   Code   RO          518    .text               c_w.l(heapauxi.o)
    0x0800920e   0x00000002   Code   RO          522    .text               c_w.l(use_no_semi.o)
    0x08009210   0x000000b8   Code   RO          525    .text               c_w.l(_printf_intcommon.o)
    0x080092c8   0x0000002c   Code   RO          527    .text               c_w.l(_printf_char.o)
    0x080092f4   0x00000024   Code   RO          529    .text               c_w.l(_printf_char_file.o)
    0x08009318   0x00000030   Code   RO          547    .text               c_w.l(_printf_char_common.o)
    0x08009348   0x00000008   Code   RO          549    .text               c_w.l(ferror.o)
    0x08009350   0x0000004a   Code   RO          553    .text               c_w.l(sys_stackheap_outer.o)
    0x0800939a   0x0000000c   Code   RO          557    .text               c_w.l(exit.o)
    0x080093a6   0x00000002   PAD
    0x080093a8   0x00000008   Code   RO          565    .text               c_w.l(libspace.o)
    0x080093b0   0x0000000e   Code   RO          502    i._is_digit         c_w.l(__printf_wp.o)
    0x080093be   0x00000a64   Data   RO          177    .constdata          lcd.o
    0x08009e22   0x00000018   Data   RO          200    .constdata          rtc.o
    0x08009e3a   0x00000028   Data   RO          475    .constdata          c_w.l(_printf_hex_int.o)
    0x08009e62   0x00000011   Data   RO          510    .constdata          c_w.l(__printf_flags_ss_wp.o)
    0x08009e73   0x0000001f   Data   RO          412    .conststring        usmart.o
    0x08009e92   0x000000a4   Data   RO          427    .conststring        usmart_config.o
    0x08009f36   0x00000002   PAD
    0x08009f38   0x00000020   Data   RO          685    Region$$Table       anon$$obj.o


    Execution Region RW_IRAM1 (Base: 0x20000000, Size: 0x000008b8, Max: 0x00010000, ABSOLUTE, COMPRESSED[0x0000006c])

    Base Addr    Size         Type   Attr      Idx    E Section Name        Object

    0x20000000   0x00000014   Data   RW          133    .data               system_stm32f10x.o
    0x20000014   0x00000001   Data   RW          163    .data               key.o
    0x20000015   0x00000001   PAD
    0x20000016   0x00000004   Data   RW          178    .data               lcd.o
    0x2000001a   0x00000002   Data   RW          201    .data               rtc.o
    0x2000001c   0x00000004   Data   RW          235    .data               delay.o
    0x20000020   0x00000008   Data   RW          262    .data               usart.o
    0x20000028   0x00000014   Data   RW          362    .data               stm32f10x_rcc.o
    0x2000003c   0x0000001c   Data   RW          413    .data               usmart.o
    0x20000058   0x0000011c   Data   RW          428    .data               usmart_config.o
    0x20000174   0x0000000e   Zero   RW          176    .bss                lcd.o
    0x20000182   0x0000000a   Zero   RW          199    .bss                rtc.o
    0x2000018c   0x000000c8   Zero   RW          261    .bss                usart.o
    0x20000254   0x00000060   Zero   RW          566    .bss                c_w.l(libspace.o)
    0x200002b4   0x00000004   PAD
    0x200002b8   0x00000200   Zero   RW          295    HEAP                startup_stm32f10x_hd.o
    0x200004b8   0x00000400   Zero   RW          294    STACK               startup_stm32f10x_hd.o


==============================================================================

Image component sizes


      Code (inc. data)   RO Data    RW Data    ZI Data      Debug   Object Name

        56          6          0          0          0        492   beep.o
         0          0          0          0          0         32   core_cm3.o
       208         18          0          4          0       1023   delay.o
       252         12          0          1          0        832   key.o
     18458        144       2660          4         14      21895   lcd.o
        76          8          0          0          0        499   led.o
      1804        266          0          0          0     261539   main.o
       220         20          0          0          0       1805   misc.o
       888         28         24          2         10       3640   rtc.o
        64         26        304          0       1536        760   startup_stm32f10x_hd.o
       196          8          0          0          0       3468   stm32f10x_bkp.o
      1560         54          0          0          0       5347   stm32f10x_fsmc.o
       856         40          0          0          0       5649   stm32f10x_gpio.o
        26          0          0          0          0       1182   stm32f10x_it.o
       204         16          0          0          0       1919   stm32f10x_pwr.o
       932         44          0         20          0       8824   stm32f10x_rcc.o
       324          4          0          0          0       2670   stm32f10x_rtc.o
      3610         88          0          0          0      22136   stm32f10x_tim.o
      1032         22          0          0          0       8376   stm32f10x_usart.o
        12          0          0          0          0        453   sys.o
       476         36          0         20          0       1743   system_stm32f10x.o
       324         16          0          8        200       3122   usart.o
      3124       1284         31         28          0       4230   usmart.o
         0          0        164        284          0       1640   usmart_config.o
      1320         12          0          0          0       5041   usmart_str.o

    ----------------------------------------------------------------------
     36028       2152       3217        372       1760     368317   Object Totals
         0          0         32          0          0          0   (incl. Generated)
         6          0          2          1          0          0   (incl. Padding)

    ----------------------------------------------------------------------

      Code (inc. data)   RO Data    RW Data    ZI Data      Debug   Library Member Name

        90          0          0          0          0          0   __dczerorl2.o
         8          0          0          0          0         68   __main.o
       396          6         17          0          0         92   __printf_flags_ss_wp.o
        14          0          0          0          0         68   __printf_wp.o
        52          8          0          0          0          0   __scatter.o
        28          0          0          0          0          0   __scatter_zi.o
         6          0          0          0          0          0   _printf_c.o
        44          0          0          0          0        108   _printf_char.o
        48          6          0          0          0         96   _printf_char_common.o
        36          4          0          0          0         80   _printf_char_file.o
         6          0          0          0          0          0   _printf_d.o
       120         18          0          0          0         92   _printf_dec.o
        92          4         40          0          0         88   _printf_hex_int.o
       184          0          0          0          0         88   _printf_intcommon.o
        82          0          0          0          0        108   _printf_pad.o
         0          0          0          0          0          0   _printf_percent.o
         4          0          0          0          0          0   _printf_percent_end.o
         6          0          0          0          0          0   _printf_s.o
        82          0          0          0          0         80   _printf_str.o
         6          0          0          0          0          0   _printf_u.o
         6          0          0          0          0          0   _printf_x.o
        12          0          0          0          0         72   exit.o
         8          0          0          0          0         68   ferror.o
         6          0          0          0          0        152   heapauxi.o
         2          0          0          0          0          0   libinit.o
         2          0          0          0          0          0   libinit2.o
         2          0          0          0          0          0   libshutdown.o
         2          0          0          0          0          0   libshutdown2.o
         8          4          0          0         96         68   libspace.o
        24          4          0          0          0         84   noretval__2printf.o
         0          0          0          0          0          0   rtentry.o
        12          0          0          0          0          0   rtentry2.o
         6          0          0          0          0          0   rtentry4.o
         2          0          0          0          0          0   rtexit.o
        10          0          0          0          0          0   rtexit2.o
        74          0          0          0          0         80   sys_stackheap_outer.o
         2          0          0          0          0         68   use_no_semi.o
         2          0          0          0          0         68   use_no_semi_2.o

    ----------------------------------------------------------------------
      1490         54         57          0        100       1628   Library Totals
         6          0          0          0          4          0   (incl. Padding)

    ----------------------------------------------------------------------

      Code (inc. data)   RO Data    RW Data    ZI Data      Debug   Library Name

      1484         54         57          0         96       1628   c_w.l

    ----------------------------------------------------------------------
      1490         54         57          0        100       1628   Library Totals

    ----------------------------------------------------------------------

==============================================================================


      Code (inc. data)   RO Data    RW Data    ZI Data      Debug   

     37518       2206       3274        372       1860     366617   Grand Totals
     37518       2206       3274        108       1860     366617   ELF Image Totals (compressed)
     37518       2206       3274        108          0          0   ROM Totals

==============================================================================

    Total RO  Size (Code + RO Data)                40792 (  39.84kB)
    Total RW  Size (RW Data + ZI Data)              2232 (   2.18kB)
    Total ROM Size (Code + RO Data + RW Data)      40900 (  39.94kB)

==============================================================================

